Component: ARM Compiler 5.05 update 1 (build 106) Tool: armlink [4d0efa]

==============================================================================

Section Cross References

    main.o(.text) refers to _printf_percent.o(.ARM.Collect$$_printf_percent$$00000000) for _printf_percent
    main.o(.text) refers to _printf_d.o(.ARM.Collect$$_printf_percent$$00000009) for _printf_d
    main.o(.text) refers to _printf_dec.o(.text) for _printf_int_dec
    main.o(.text) refers to _printf_f.o(.ARM.Collect$$_printf_percent$$00000003) for _printf_f
    main.o(.text) refers to printf1.o(x$fpl$printf1) for _printf_fp_dec
    main.o(.text) refers to misc.o(.text) for NVIC_PriorityGroupConfig
    main.o(.text) refers to delay.o(.text) for delay_init
    main.o(.text) refers to usart.o(.text) for uart_init
    main.o(.text) refers to adxl355.o(.text) for ADXL355_Init
    main.o(.text) refers to led.o(.text) for LED_Init
    main.o(.text) refers to key.o(.text) for KEY_Init
    main.o(.text) refers to malloc.o(.text) for my_mem_init
    main.o(.text) refers to __2printf.o(.text) for __2printf
    main.o(.text) refers to sdio_sdcard.o(.text) for SD_Init
    main.o(.text) refers to exfuns.o(.text) for exfuns_init
    main.o(.text) refers to ff.o(.text) for f_mount
    main.o(.text) refers to f2d.o(x$fpl$f2d) for __aeabi_f2d
    main.o(.text) refers to daddsub_clz.o(x$fpl$dadd) for __aeabi_dadd
    main.o(.text) refers to d2f.o(x$fpl$d2f) for __aeabi_d2f
    main.o(.text) refers to __2sprintf.o(.text) for __2sprintf
    main.o(.text) refers to ano_dt.o(.text) for ANO_DT_Send_Senser
    main.o(.text) refers to usmart_config.o(.data) for usmart_dev
    main.o(.text) refers to exfuns.o(.bss) for fs
    system_stm32f4xx.o(.text) refers to system_stm32f4xx.o(.data) for SystemCoreClock
    led.o(.text) refers to stm32f4xx_rcc.o(.text) for RCC_AHB1PeriphClockCmd
    led.o(.text) refers to stm32f4xx_gpio.o(.text) for GPIO_Init
    key.o(.text) refers to stm32f4xx_rcc.o(.text) for RCC_AHB1PeriphClockCmd
    key.o(.text) refers to stm32f4xx_gpio.o(.text) for GPIO_Init
    key.o(.text) refers to delay.o(.text) for delay_ms
    key.o(.text) refers to key.o(.data) for key_up
    myiic.o(.text) refers to stm32f4xx_rcc.o(.text) for RCC_AHB1PeriphClockCmd
    myiic.o(.text) refers to stm32f4xx_gpio.o(.text) for GPIO_Init
    myiic.o(.text) refers to delay.o(.text) for delay_us
    adxl355.o(.text) refers to _printf_percent.o(.ARM.Collect$$_printf_percent$$00000000) for _printf_percent
    adxl355.o(.text) refers to _printf_d.o(.ARM.Collect$$_printf_percent$$00000009) for _printf_d
    adxl355.o(.text) refers to _printf_dec.o(.text) for _printf_int_dec
    adxl355.o(.text) refers to _printf_pad.o(.text) for _printf_pre_padding
    adxl355.o(.text) refers to _printf_x.o(.ARM.Collect$$_printf_percent$$0000000C) for _printf_x
    adxl355.o(.text) refers to _printf_hex_int.o(.text) for _printf_longlong_hex
    adxl355.o(.text) refers to myiic.o(.text) for IIC_Start
    adxl355.o(.text) refers to __2printf.o(.text) for __2printf
    adxl355.o(.text) refers to delay.o(.text) for delay_ms
    adxl355.o(.text) refers to adxl355.o(.data) for DeviceAddr
    sdio_sdcard.o(.text) refers to stm32f4xx_sdio.o(.text) for SDIO_GetFlagStatus
    sdio_sdcard.o(.text) refers to sdio_sdcard.o(.data) for DeviceMode
    sdio_sdcard.o(.text) refers to sdio_sdcard.o(.bss) for SDIO_CmdInitStructure
    sdio_sdcard.o(.text) refers to stm32f4xx_rcc.o(.text) for RCC_AHB1PeriphClockCmd
    sdio_sdcard.o(.text) refers to stm32f4xx_gpio.o(.text) for GPIO_Init
    sdio_sdcard.o(.text) refers to misc.o(.text) for NVIC_Init
    sdio_sdcard.o(.text) refers to stm32f4xx_dma.o(.text) for DMA_GetCmdStatus
    sdio_sdcard.o(.text) refers to sys.o(.emb_text) for INTX_DISABLE
    sdio_sdcard.o(.text) refers to rt_memcpy_v6.o(.text) for __aeabi_memcpy
    w25qxx.o(.text) refers to spi.o(.text) for SPI1_ReadWriteByte
    w25qxx.o(.text) refers to stm32f4xx_rcc.o(.text) for RCC_AHB1PeriphClockCmd
    w25qxx.o(.text) refers to stm32f4xx_gpio.o(.text) for GPIO_Init
    w25qxx.o(.text) refers to delay.o(.text) for delay_us
    w25qxx.o(.text) refers to w25qxx.o(.data) for W25QXX_TYPE
    w25qxx.o(.text) refers to w25qxx.o(.bss) for W25QXX_BUFFER
    spi.o(.text) refers to stm32f4xx_spi.o(.text) for SPI_I2S_GetFlagStatus
    spi.o(.text) refers to stm32f4xx_rcc.o(.text) for RCC_AHB1PeriphClockCmd
    spi.o(.text) refers to stm32f4xx_gpio.o(.text) for GPIO_Init
    ano_dt.o(.text) refers to usart.o(.text) for Usart1_Send
    ano_dt.o(.text) refers to ano_dt.o(.bss) for data_to_send
    delay.o(.text) refers to misc.o(.text) for SysTick_CLKSourceConfig
    delay.o(.text) refers to delay.o(.data) for fac_us
    usart.o(.rev16_text) refers (Special) to use_no_semi_2.o(.text) for __use_no_semihosting
    usart.o(.revsh_text) refers (Special) to use_no_semi_2.o(.text) for __use_no_semihosting
    usart.o(.text) refers (Special) to use_no_semi_2.o(.text) for __use_no_semihosting
[...]
    WFI_SET                                  0x080002a1   Thumb Code     2  sys.o(.emb_text)
    INTX_DISABLE                             0x080002a3   Thumb Code     4  sys.o(.emb_text)
    INTX_ENABLE                              0x080002a7   Thumb Code     4  sys.o(.emb_text)
    MSR_MSP                                  0x080002ab   Thumb Code     6  sys.o(.emb_text)
    main                                     0x080002b1   Thumb Code   498  main.o(.text)
    NMI_Handler                              0x08000549   Thumb Code     2  stm32f4xx_it.o(.text)
    HardFault_Handler                        0x0800054b   Thumb Code     4  stm32f4xx_it.o(.text)
    MemManage_Handler                        0x0800054f   Thumb Code     4  stm32f4xx_it.o(.text)
    BusFault_Handler                         0x08000553   Thumb Code     4  stm32f4xx_it.o(.text)
    UsageFault_Handler                       0x08000557   Thumb Code     4  stm32f4xx_it.o(.text)
    SVC_Handler                              0x0800055b   Thumb Code     2  stm32f4xx_it.o(.text)
    DebugMon_Handler                         0x0800055d   Thumb Code     2  stm32f4xx_it.o(.text)
    PendSV_Handler                           0x0800055f   Thumb Code     2  stm32f4xx_it.o(.text)
    SysTick_Handler                          0x08000561   Thumb Code     2  stm32f4xx_it.o(.text)
    SystemInit                               0x08000641   Thumb Code    88  system_stm32f4xx.o(.text)
    SystemCoreClockUpdate                    0x08000699   Thumb Code   174  system_stm32f4xx.o(.text)
    LED_Init                                 0x08000775   Thumb Code    60  led.o(.text)
    KEY_Init                                 0x080007b5   Thumb Code    60  key.o(.text)
    KEY_Scan                                 0x080007f1   Thumb Code   188  key.o(.text)
    IIC_Init                                 0x080008b9   Thumb Code    60  myiic.o(.text)
    IIC_Start                                0x080008f5   Thumb Code    68  myiic.o(.text)
    IIC_Stop                                 0x08000939   Thumb Code    60  myiic.o(.text)
    IIC_Wait_Ack                             0x08000975   Thumb Code    82  myiic.o(.text)
    IIC_Ack                                  0x080009c7   Thumb Code    66  myiic.o(.text)
    IIC_NAck                                 0x08000a09   Thumb Code    66  myiic.o(.text)
    IIC_Send_Byte                            0x08000a4b   Thumb Code    90  myiic.o(.text)
    IIC_Read_Byte                            0x08000aa5   Thumb Code    94  myiic.o(.text)
    ADXL355_ReadOneByte                      0x08000b11   Thumb Code    80  adxl355.o(.text)
    ADXL355_Init                             0x08000c35   Thumb Code    14  adxl355.o(.text)
    ADXL355_Start_Sensor                     0x08000c43   Thumb Code    34  adxl355.o(.text)
    ADXL355_Stop_Sensor                      0x08000c65   Thumb Code    24  adxl355.o(.text)
    ADXL_RANGE_SET                           0x08000c7d   Thumb Code    90  adxl355.o(.text)
    ADXL355_DEVICE_ID                        0x08000cd7   Thumb Code    10  adxl355.o(.text)
    ADXL355_MI                               0x08000ce1   Thumb Code    10  adxl355.o(.text)
    ADXL355_PART_ID                          0x08000ceb   Thumb Code    10  adxl355.o(.text)
    ADXL355_Data_Scan                        0x08000cf5   Thumb Code    88  adxl355.o(.text)
    SDIO_Register_Deinit                     0x08000d85   Thumb Code    48  sdio_sdcard.o(.text)
    SD_SetDeviceMode                         0x08000db5   Thumb Code    20  sdio_sdcard.o(.text)
    SDIO_Clock_Set                           0x08000dc9   Thumb Code    18  sdio_sdcard.o(.text)
    CmdResp1Error                            0x08000ddb   Thumb Code    96  sdio_sdcard.o(.text)
    FindSCR                                  0x08000e3b   Thumb Code   390  sdio_sdcard.o(.text)
    SDEnWideBus                              0x08000fc1   Thumb Code   160  sdio_sdcard.o(.text)
    SD_EnableWideBusOperation                0x08001061   Thumb Code    98  sdio_sdcard.o(.text)
    SD_SelectDeselect                        0x080010c3   Thumb Code    42  sdio_sdcard.o(.text)
    SD_GetCardInfo                           0x080010ed   Thumb Code   806  sdio_sdcard.o(.text)
    CmdResp2Error                            0x08001413   Thumb Code    80  sdio_sdcard.o(.text)
    CmdResp6Error                            0x08001463   Thumb Code   144  sdio_sdcard.o(.text)
    SD_InitializeCards                       0x080014f3   Thumb Code   354  sdio_sdcard.o(.text)
    CmdResp3Error                            0x08001655   Thumb Code    52  sdio_sdcard.o(.text)
    CmdResp7Error                            0x08001689   Thumb Code    72  sdio_sdcard.o(.text)
    CmdError                                 0x080016d1   Thumb Code    48  sdio_sdcard.o(.text)
    SD_PowerON                               0x08001701   Thumb Code   460  sdio_sdcard.o(.text)
    SD_Init                                  0x080018cd   Thumb Code   334  sdio_sdcard.o(.text)
    SD_PowerOFF                              0x08001a1b   Thumb Code    12  sdio_sdcard.o(.text)
    SD_DMA_Config                            0x08001a27   Thumb Code   118  sdio_sdcard.o(.text)
    convert_from_bytes_to_power_of_two       0x08001a9d   Thumb Code    18  sdio_sdcard.o(.text)
    SD_ReadBlock                             0x08001aaf   Thumb Code   578  sdio_sdcard.o(.text)
    SD_ReadMultiBlocks                       0x08001cf1   Thumb Code   762  sdio_sdcard.o(.text)
    IsCardProgramming                        0x08001feb   Thumb Code   150  sdio_sdcard.o(.text)
    SD_WriteBlock                            0x08002081   Thumb Code   914  sdio_sdcard.o(.text)
    SD_WriteMultiBlocks                      0x08002413   Thumb Code   976  sdio_sdcard.o(.text)
    SD_ProcessIRQSrc                         0x080027e3   Thumb Code   322  sdio_sdcard.o(.text)
    SDIO_IRQHandler                          0x08002925   Thumb Code     8  sdio_sdcard.o(.text)
    SD_SendStatus                            0x0800292d   Thumb Code    74  sdio_sdcard.o(.text)
    SD_GetState                              0x08002977   Thumb Code    26  sdio_sdcard.o(.text)
    SD_ReadDisk                              0x08002991   Thumb Code   188  sdio_sdcard.o(.text)
    SD_WriteDisk                             0x08002a4d   Thumb Code   148  sdio_sdcard.o(.text)
    W25QXX_ReadID                            0x08002ae5   Thumb Code    64  w25qxx.o(.text)
    W25QXX_Init                              0x08002b25   Thumb Code   102  w25qxx.o(.text)
    W25QXX_ReadSR                            0x08002b8b   Thumb Code    36  w25qxx.o(.text)
    W25QXX_Write_SR                          0x08002baf   Thumb Code    32  w25qxx.o(.text)
    W25QXX_Write_Enable                      0x08002bcf   Thumb Code    24  w25qxx.o(.text)
    W25QXX_Write_Disable                     0x08002be7   Thumb Code    24  w25qxx.o(.text)
    W25QXX_Read                              0x08002bff   Thumb Code    74  w25qxx.o(.text)
    W25QXX_Wait_Busy                         0x08002c49   Thumb Code    18  w25qxx.o(.text)
    W25QXX_Write_Page                        0x08002c5b   Thumb Code    80  w25qxx.o(.text)
    W25QXX_Write_NoCheck                     0x08002cab   Thumb Code    70  w25qxx.o(.text)
    W25QXX_Erase_Sector                      0x08002cf1   Thumb Code    62  w25qxx.o(.text)
    W25QXX_Write                             0x08002d2f   Thumb Code   180  w25qxx.o(.text)
    W25QXX_Erase_Chip                        0x08002de3   Thumb Code    36  w25qxx.o(.text)
    W25QXX_PowerDown                         0x08002e07   Thumb Code    30  w25qxx.o(.text)
    W25QXX_WAKEUP                            0x08002e25   Thumb Code    30  w25qxx.o(.text)
    SPI1_ReadWriteByte                       0x08002e5d   Thumb Code    50  spi.o(.text)
    SPI1_Init                                0x08002e8f   Thumb Code   186  spi.o(.text)
    SPI1_SetSpeed                            0x08002f49   Thumb Code    36  spi.o(.text)
    ANO_DT_Send_Data                         0x08002f75   Thumb Code    16  ano_dt.o(.text)
    ANO_DT_Send_Version                      0x08002f85   Thumb Code   196  ano_dt.o(.text)
    ANO_DT_Send_Status                       0x08003049   Thumb Code   338  ano_dt.o(.text)
    ANO_DT_Send_Senser                       0x0800319b   Thumb Code   376  ano_dt.o(.text)
    ANO_DT_Send_RCData                       0x08003313   Thumb Code   360  ano_dt.o(.text)
    ANO_DT_Send_Power                        0x0800347b   Thumb Code   144  ano_dt.o(.text)
    ANO_DT_Send_MotoPWM                      0x0800350b   Thumb Code   294  ano_dt.o(.text)
    ANO_DT_Send_PID                          0x08003631   Thumb Code   572  ano_dt.o(.text)
    delay_init                               0x08003871   Thumb Code    52  delay.o(.text)
    delay_us                                 0x080038a5   Thumb Code    72  delay.o(.text)
    delay_xms                                0x080038ed   Thumb Code    72  delay.o(.text)
    delay_ms                                 0x08003935   Thumb Code    56  delay.o(.text)
    delay_s                                  0x0800396d   Thumb Code    24  delay.o(.text)
    _sys_exit                                0x0800398d   Thumb Code     4  usart.o(.text)
    fputc                                    0x08003991   Thumb Code    22  usart.o(.text)
    uart_init                                0x080039a7   Thumb Code   164  usart.o(.text)
    USART1_IRQHandler                        0x08003a4b   Thumb Code   122  usart.o(.text)
    Usart1_Send                              0x08003ac5   Thumb Code    44  usart.o(.text)
    Reset_Handler                            0x08003b01   Thumb Code     8  startup_stm32f40_41xxx.o(.text)
    ADC_IRQHandler                           0x08003b1b   Thumb Code     0  startup_stm32f40_41xxx.o(.text)
    CAN1_RX0_IRQHandler                      0x08003b1b   Thumb Code     0  startup_stm32f40_41xxx.o(.text)
    CAN1_RX1_IRQHandler                      0x08003b1b   Thumb Code     0  startup_stm32f40_41xxx.o(.text)
    CAN1_SCE_IRQHandler                      0x08003b1b   Thumb Code     0  startup_stm32f40_41xxx.o(.text)
    CAN1_TX_IRQHandler                       0x08003b1b   Thumb Code     0  startup_stm32f40_41xxx.o(.text)
    CAN2_RX0_IRQHandler                      0x08003b1b   Thumb Code     0  startup_stm32f40_41xxx.o(.text)
    CAN2_RX1_IRQHandler                      0x08003b1b   Thumb Code     0  startup_stm32f40_41xxx.o(.text)
    CAN2_SCE_IRQHandler                      0x08003b1b   Thumb Code     0  startup_stm32f40_41xxx.o(.text)
    CAN2_TX_IRQHandler                       0x08003b1b   Thumb Code     0  startup_stm32f40_41xxx.o(.text)
    CRYP_IRQHandler                          0x08003b1b   Thumb Code     0  startup_stm32f40_41xxx.o(.text)
    DCMI_IRQHandler                          0x08003b1b   Thumb Code     0  startup_stm32f40_41xxx.o(.text)
    DMA1_Stream0_IRQHandler                  0x08003b1b   Thumb Code     0  startup_stm32f40_41xxx.o(.text)
    DMA1_Stream1_IRQHandler                  0x08003b1b   Thumb Code     0  startup_stm32f40_41xxx.o(.text)
    DMA1_Stream2_IRQHandler                  0x08003b1b   Thumb Code     0  startup_stm32f40_41xxx.o(.text)
    DMA1_Stream3_IRQHandler                  0x08003b1b   Thumb Code     0  startup_stm32f40_41xxx.o(.text)
    DMA1_Stream4_IRQHandler                  0x08003b1b   Thumb Code     0  startup_stm32f40_41xxx.o(.text)
    DMA1_Stream5_IRQHandler                  0x08003b1b   Thumb Code     0  startup_stm32f40_41xxx.o(.text)
    DMA1_Stream6_IRQHandler                  0x08003b1b   Thumb Code     0  startup_stm32f40_41xxx.o(.text)
    DMA1_Stream7_IRQHandler                  0x08003b1b   Thumb Code     0  startup_stm32f40_41xxx.o(.text)
    DMA2_Stream0_IRQHandler                  0x08003b1b   Thumb Code     0  startup_stm32f40_41xxx.o(.text)
    DMA2_Stream1_IRQHandler                  0x08003b1b   Thumb Code     0  startup_stm32f40_41xxx.o(.text)
    DMA2_Stream2_IRQHandler                  0x08003b1b   Thumb Code     0  startup_stm32f40_41xxx.o(.text)
    DMA2_Stream3_IRQHandler                  0x08003b1b   Thumb Code     0  startup_stm32f40_41xxx.o(.text)
    DMA2_Stream4_IRQHandler                  0x08003b1b   Thumb Code     0  startup_stm32f40_41xxx.o(.text)
    DMA2_Stream5_IRQHandler                  0x08003b1b   Thumb Code     0  startup_stm32f40_41xxx.o(.text)
    DMA2_Stream6_IRQHandler                  0x08003b1b   Thumb Code     0  startup_stm32f40_41xxx.o(.text)
    DMA2_Stream7_IRQHandler                  0x08003b1b   Thumb Code     0  startup_stm32f40_41xxx.o(.text)
    ETH_IRQHandler                           0x08003b1b   Thumb Code     0  startup_stm32f40_41xxx.o(.text)
    ETH_WKUP_IRQHandler                      0x08003b1b   Thumb Code     0  startup_stm32f40_41xxx.o(.text)
    EXTI0_IRQHandler                         0x08003b1b   Thumb Code     0  startup_stm32f40_41xxx.o(.text)
    EXTI15_10_IRQHandler                     0x08003b1b   Thumb Code     0  startup_stm32f40_41xxx.o(.text)
    EXTI1_IRQHandler                         0x08003b1b   Thumb Code     0  startup_stm32f40_41xxx.o(.text)
    EXTI2_IRQHandler                         0x08003b1b   Thumb Code     0  startup_stm32f40_41xxx.o(.text)
    EXTI3_IRQHandler                         0x08003b1b   Thumb Code     0  startup_stm32f40_41xxx.o(.text)
    EXTI4_IRQHandler                         0x08003b1b   Thumb Code     0  startup_stm32f40_41xxx.o(.text)
    EXTI9_5_IRQHandler                       0x08003b1b   Thumb Code     0  startup_stm32f40_41xxx.o(.text)
    FLASH_IRQHandler                         0x08003b1b   Thumb Code     0  startup_stm32f40_41xxx.o(.text)
    FPU_IRQHandler                           0x08003b1b   Thumb Code     0  startup_stm32f40_41xxx.o(.text)
    FSMC_IRQHandler                          0x08003b1b   Thumb Code     0  startup_stm32f40_41xxx.o(.text)
    HASH_RNG_IRQHandler                      0x08003b1b   Thumb Code     0  startup_stm32f40_41xxx.o(.text)
    I2C1_ER_IRQHandler                       0x08003b1b   Thumb Code     0  startup_stm32f40_41xxx.o(.text)
    I2C1_EV_IRQHandler                       0x08003b1b   Thumb Code     0  startup_stm32f40_41xxx.o(.text)
    I2C2_ER_IRQHandler                       0x08003b1b   Thumb Code     0  startup_stm32f40_41xxx.o(.text)
    I2C2_EV_IRQHandler                       0x08003b1b   Thumb Code     0  startup_stm32f40_41xxx.o(.text)
    I2C3_ER_IRQHandler                       0x08003b1b   Thumb Code     0  startup_stm32f40_41xxx.o(.text)
    I2C3_EV_IRQHandler                       0x08003b1b   Thumb Code     0  startup_stm32f40_41xxx.o(.text)
    OTG_FS_IRQHandler                        0x08003b1b   Thumb Code     0  startup_stm32f40_41xxx.o(.text)
    OTG_FS_WKUP_IRQHandler                   0x08003b1b   Thumb Code     0  startup_stm32f40_41xxx.o(.text)
    OTG_HS_EP1_IN_IRQHandler                 0x08003b1b   Thumb Code     0  startup_stm32f40_41xxx.o(.text)
    OTG_HS_EP1_OUT_IRQHandler                0x08003b1b   Thumb Code     0  startup_stm32f40_41xxx.o(.text)
    OTG_HS_IRQHandler                        0x08003b1b   Thumb Code     0  startup_stm32f40_41xxx.o(.text)
    OTG_HS_WKUP_IRQHandler                   0x08003b1b   Thumb Code     0  startup_stm32f40_41xxx.o(.text)
    PVD_IRQHandler                           0x08003b1b   Thumb Code     0  startup_stm32f40_41xxx.o(.text)
    RCC_IRQHandler                           0x08003b1b   Thumb Code     0  startup_stm32f40_41xxx.o(.text)
    RTC_Alarm_IRQHandler                     0x08003b1b   Thumb Code     0  startup_stm32f40_41xxx.o(.text)
    RTC_WKUP_IRQHandler                      0x08003b1b   Thumb Code     0  startup_stm32f40_41xxx.o(.text)
    SPI1_IRQHandler                          0x08003b1b   Thumb Code     0  startup_stm32f40_41xxx.o(.text)
    SPI2_IRQHandler                          0x08003b1b   Thumb Code     0  startup_stm32f40_41xxx.o(.text)
    SPI3_IRQHandler                          0x08003b1b   Thumb Code     0  startup_stm32f40_41xxx.o(.text)
    TAMP_STAMP_IRQHandler                    0x08003b1b   Thumb Code     0  startup_stm32f40_41xxx.o(.text)
    TIM1_BRK_TIM9_IRQHandler                 0x08003b1b   Thumb Code     0  startup_stm32f40_41xxx.o(.text)
    TIM1_CC_IRQHandler                       0x08003b1b   Thumb Code     0  startup_stm32f40_41xxx.o(.text)
    TIM1_TRG_COM_TIM11_IRQHandler            0x08003b1b   Thumb Code     0  startup_stm32f40_41xxx.o(.text)
    TIM1_UP_TIM10_IRQHandler                 0x08003b1b   Thumb Code     0  startup_stm32f40_41xxx.o(.text)
    TIM2_IRQHandler                          0x08003b1b   Thumb Code     0  startup_stm32f40_41xxx.o(.text)
    TIM3_IRQHandler                          0x08003b1b   Thumb Code     0  startup_stm32f40_41xxx.o(.text)
    TIM5_IRQHandler                          0x08003b1b   Thumb Code     0  startup_stm32f40_41xxx.o(.text)
    TIM6_DAC_IRQHandler                      0x08003b1b   Thumb Code     0  startup_stm32f40_41xxx.o(.text)
    TIM7_IRQHandler                          0x08003b1b   Thumb Code     0  startup_stm32f40_41xxx.o(.text)
    TIM8_BRK_TIM12_IRQHandler                0x08003b1b   Thumb Code     0  startup_stm32f40_41xxx.o(.text)
    TIM8_CC_IRQHandler                       0x08003b1b   Thumb Code     0  startup_stm32f40_41xxx.o(.text)
    TIM8_TRG_COM_TIM14_IRQHandler            0x08003b1b   Thumb Code     0  startup_stm32f40_41xxx.o(.text)
    TIM8_UP_TIM13_IRQHandler                 0x08003b1b   Thumb Code     0  startup_stm32f40_41xxx.o(.text)
    UART4_IRQHandler                         0x08003b1b   Thumb Code     0  startup_stm32f40_41xxx.o(.text)
    UART5_IRQHandler                         0x08003b1b   Thumb Code     0  startup_stm32f40_41xxx.o(.text)
    USART2_IRQHandler                        0x08003b1b   Thumb Code     0  startup_stm32f40_41xxx.o(.text)
    USART3_IRQHandler                        0x08003b1b   Thumb Code     0  startup_stm32f40_41xxx.o(.text)
    USART6_IRQHandler                        0x08003b1b   Thumb Code     0  startup_stm32f40_41xxx.o(.text)
    WWDG_IRQHandler                          0x08003b1b   Thumb Code     0  startup_stm32f40_41xxx.o(.text)
    __user_initial_stackheap                 0x08003b1d   Thumb Code     0  startup_stm32f40_41xxx.o(.text)
    NVIC_PriorityGroupConfig                 0x08003b41   Thumb Code    10  misc.o(.text)
    NVIC_Init                                0x08003b4b   Thumb Code   106  misc.o(.text)
    NVIC_SetVectorTable                      0x08003bb5   Thumb Code    14  misc.o(.text)
    NVIC_SystemLPConfig                      0x08003bc3   Thumb Code    34  misc.o(.text)
    SysTick_CLKSourceConfig                  0x08003be5   Thumb Code    40  misc.o(.text)
    GPIO_DeInit                              0x08003c21   Thumb Code   268  stm32f4xx_gpio.o(.text)
    GPIO_Init                                0x08003d2d   Thumb Code   144  stm32f4xx_gpio.o(.text)
    GPIO_StructInit                          0x08003dbd   Thumb Code    18  stm32f4xx_gpio.o(.text)
    GPIO_PinLockConfig                       0x08003dcf   Thumb Code    34  stm32f4xx_gpio.o(.text)
    GPIO_ReadInputDataBit                    0x08003df1   Thumb Code    18  stm32f4xx_gpio.o(.text)
    GPIO_ReadInputData                       0x08003e03   Thumb Code     8  stm32f4xx_gpio.o(.text)
    GPIO_ReadOutputDataBit                   0x08003e0b   Thumb Code    18  stm32f4xx_gpio.o(.text)
    GPIO_ReadOutputData                      0x08003e1d   Thumb Code     8  stm32f4xx_gpio.o(.text)
    GPIO_SetBits                             0x08003e25   Thumb Code     4  stm32f4xx_gpio.o(.text)
    GPIO_ResetBits                           0x08003e29   Thumb Code     4  stm32f4xx_gpio.o(.text)
    GPIO_WriteBit                            0x08003e2d   Thumb Code    10  stm32f4xx_gpio.o(.text)
    GPIO_Write                               0x08003e37   Thumb Code     4  stm32f4xx_gpio.o(.text)
    GPIO_ToggleBits                          0x08003e3b   Thumb Code     8  stm32f4xx_gpio.o(.text)
    GPIO_PinAFConfig                         0x08003e43   Thumb Code    70  stm32f4xx_gpio.o(.text)
    RCC_DeInit                               0x08003eb5   Thumb Code    82  stm32f4xx_rcc.o(.text)
    RCC_HSEConfig                            0x08003f07   Thumb Code    14  stm32f4xx_rcc.o(.text)
    RCC_GetFlagStatus                        0x08003f15   Thumb Code    60  stm32f4xx_rcc.o(.text)
    RCC_WaitForHSEStartUp                    0x08003f51   Thumb Code    56  stm32f4xx_rcc.o(.text)
    RCC_AdjustHSICalibrationValue            0x08003f89   Thumb Code    20  stm32f4xx_rcc.o(.text)
    RCC_HSICmd                               0x08003f9d   Thumb Code     6  stm32f4xx_rcc.o(.text)
    RCC_LSEConfig                            0x08003fa3   Thumb Code    46  stm32f4xx_rcc.o(.text)
    RCC_LSICmd                               0x08003fd1   Thumb Code     6  stm32f4xx_rcc.o(.text)
    RCC_PLLConfig                            0x08003fd7   Thumb Code    32  stm32f4xx_rcc.o(.text)
    RCC_PLLCmd                               0x08003ff7   Thumb Code     6  stm32f4xx_rcc.o(.text)
    RCC_PLLI2SConfig                         0x08003ffd   Thumb Code    14  stm32f4xx_rcc.o(.text)
    RCC_PLLI2SCmd                            0x0800400b   Thumb Code     6  stm32f4xx_rcc.o(.text)
    RCC_PLLSAIConfig                         0x08004011   Thumb Code    20  stm32f4xx_rcc.o(.text)
    RCC_PLLSAICmd                            0x08004025   Thumb Code     6  stm32f4xx_rcc.o(.text)
    RCC_ClockSecuritySystemCmd               0x0800402b   Thumb Code     6  stm32f4xx_rcc.o(.text)
    RCC_MCO1Config                           0x08004031   Thumb Code    28  stm32f4xx_rcc.o(.text)
    RCC_MCO2Config                           0x0800404d   Thumb Code    28  stm32f4xx_rcc.o(.text)
    RCC_SYSCLKConfig                         0x08004069   Thumb Code    20  stm32f4xx_rcc.o(.text)
    RCC_GetSYSCLKSource                      0x0800407d   Thumb Code    12  stm32f4xx_rcc.o(.text)
    RCC_HCLKConfig                           0x08004089   Thumb Code    20  stm32f4xx_rcc.o(.text)
    RCC_PCLK1Config                          0x0800409d   Thumb Code    20  stm32f4xx_rcc.o(.text)
    RCC_PCLK2Config                          0x080040b1   Thumb Code    22  stm32f4xx_rcc.o(.text)
    RCC_GetClocksFreq                        0x080040c7   Thumb Code   222  stm32f4xx_rcc.o(.text)
    RCC_RTCCLKConfig                         0x080041a5   Thumb Code    54  stm32f4xx_rcc.o(.text)
    RCC_RTCCLKCmd                            0x080041db   Thumb Code     8  stm32f4xx_rcc.o(.text)
    RCC_BackupResetCmd                       0x080041e3   Thumb Code     8  stm32f4xx_rcc.o(.text)
    RCC_I2SCLKConfig                         0x080041eb   Thumb Code     6  stm32f4xx_rcc.o(.text)
    RCC_SAIPLLI2SClkDivConfig                0x080041f1   Thumb Code    26  stm32f4xx_rcc.o(.text)
    RCC_SAIPLLSAIClkDivConfig                0x0800420b   Thumb Code    28  stm32f4xx_rcc.o(.text)
    RCC_SAIBlockACLKConfig                   0x08004227   Thumb Code    20  stm32f4xx_rcc.o(.text)
    RCC_SAIBlockBCLKConfig                   0x0800423b   Thumb Code    20  stm32f4xx_rcc.o(.text)
    RCC_LTDCCLKDivConfig                     0x0800424f   Thumb Code    20  stm32f4xx_rcc.o(.text)
    RCC_TIMCLKPresConfig                     0x08004263   Thumb Code     6  stm32f4xx_rcc.o(.text)
    RCC_AHB1PeriphClockCmd                   0x08004269   Thumb Code    34  stm32f4xx_rcc.o(.text)
    RCC_AHB2PeriphClockCmd                   0x0800428b   Thumb Code    78  stm32f4xx_rcc.o(.text)
    RCC_AHB3PeriphClockCmd                   0x080042d9   Thumb Code    34  stm32f4xx_rcc.o(.text)
    RCC_APB1PeriphClockCmd                   0x080042fb   Thumb Code    34  stm32f4xx_rcc.o(.text)
    RCC_APB2PeriphClockCmd                   0x0800431d   Thumb Code    34  stm32f4xx_rcc.o(.text)
    RCC_AHB1PeriphResetCmd                   0x0800433f   Thumb Code    34  stm32f4xx_rcc.o(.text)
    RCC_AHB2PeriphResetCmd                   0x08004361   Thumb Code    34  stm32f4xx_rcc.o(.text)
    RCC_AHB3PeriphResetCmd                   0x08004383   Thumb Code    34  stm32f4xx_rcc.o(.text)
    RCC_APB1PeriphResetCmd                   0x080043a5   Thumb Code    34  stm32f4xx_rcc.o(.text)
    RCC_APB2PeriphResetCmd                   0x080043c7   Thumb Code    34  stm32f4xx_rcc.o(.text)
    RCC_AHB1PeriphClockLPModeCmd             0x080043e9   Thumb Code    34  stm32f4xx_rcc.o(.text)
    RCC_AHB2PeriphClockLPModeCmd             0x0800440b   Thumb Code    34  stm32f4xx_rcc.o(.text)
    RCC_AHB3PeriphClockLPModeCmd             0x0800442d   Thumb Code    34  stm32f4xx_rcc.o(.text)
    RCC_APB1PeriphClockLPModeCmd             0x0800444f   Thumb Code    34  stm32f4xx_rcc.o(.text)
    RCC_APB2PeriphClockLPModeCmd             0x08004471   Thumb Code    34  stm32f4xx_rcc.o(.text)
    RCC_LSEModeConfig                        0x08004493   Thumb Code    40  stm32f4xx_rcc.o(.text)
    RCC_ITConfig                             0x080044bb   Thumb Code    34  stm32f4xx_rcc.o(.text)
    RCC_ClearFlag                            0x080044dd   Thumb Code    18  stm32f4xx_rcc.o(.text)
    RCC_GetITStatus                          0x080044ef   Thumb Code    22  stm32f4xx_rcc.o(.text)
    RCC_ClearITPendingBit                    0x08004505   Thumb Code     8  stm32f4xx_rcc.o(.text)
    USART_DeInit                             0x08004511   Thumb Code   206  stm32f4xx_usart.o(.text)
    USART_Init                               0x080045df   Thumb Code   204  stm32f4xx_usart.o(.text)
    USART_StructInit                         0x080046ab   Thumb Code    24  stm32f4xx_usart.o(.text)
    USART_ClockInit                          0x080046c3   Thumb Code    32  stm32f4xx_usart.o(.text)
    USART_ClockStructInit                    0x080046e3   Thumb Code    12  stm32f4xx_usart.o(.text)
    USART_Cmd                                0x080046ef   Thumb Code    24  stm32f4xx_usart.o(.text)
    USART_SetPrescaler                       0x08004707   Thumb Code    16  stm32f4xx_usart.o(.text)
    USART_OverSampling8Cmd                   0x08004717   Thumb Code    22  stm32f4xx_usart.o(.text)
    USART_OneBitMethodCmd                    0x0800472d   Thumb Code    24  stm32f4xx_usart.o(.text)
    USART_SendData                           0x08004745   Thumb Code     8  stm32f4xx_usart.o(.text)
    USART_ReceiveData                        0x0800474d   Thumb Code    10  stm32f4xx_usart.o(.text)
    USART_SetAddress                         0x08004757   Thumb Code    18  stm32f4xx_usart.o(.text)
    USART_ReceiverWakeUpCmd                  0x08004769   Thumb Code    24  stm32f4xx_usart.o(.text)
    USART_WakeUpConfig                       0x08004781   Thumb Code    18  stm32f4xx_usart.o(.text)
    USART_LINBreakDetectLengthConfig         0x08004793   Thumb Code    18  stm32f4xx_usart.o(.text)
    USART_LINCmd                             0x080047a5   Thumb Code    24  stm32f4xx_usart.o(.text)
    USART_SendBreak                          0x080047bd   Thumb Code    10  stm32f4xx_usart.o(.text)
    USART_HalfDuplexCmd                      0x080047c7   Thumb Code    24  stm32f4xx_usart.o(.text)
    USART_SetGuardTime                       0x080047df   Thumb Code    16  stm32f4xx_usart.o(.text)
    USART_SmartCardCmd                       0x080047ef   Thumb Code    24  stm32f4xx_usart.o(.text)
    USART_SmartCardNACKCmd                   0x08004807   Thumb Code    24  stm32f4xx_usart.o(.text)
    USART_IrDAConfig                         0x0800481f   Thumb Code    18  stm32f4xx_usart.o(.text)
    USART_IrDACmd                            0x08004831   Thumb Code    24  stm32f4xx_usart.o(.text)
    USART_DMACmd                             0x08004849   Thumb Code    18  stm32f4xx_usart.o(.text)
    USART_ITConfig                           0x0800485b   Thumb Code    74  stm32f4xx_usart.o(.text)
    USART_GetFlagStatus                      0x080048a5   Thumb Code    26  stm32f4xx_usart.o(.text)
    USART_ClearFlag                          0x080048bf   Thumb Code    18  stm32f4xx_usart.o(.text)
    USART_GetITStatus                        0x080048d1   Thumb Code   118  stm32f4xx_usart.o(.text)
    USART_ClearITPendingBit                  0x08004947   Thumb Code    30  stm32f4xx_usart.o(.text)
    SDIO_DeInit                              0x08004965   Thumb Code    22  stm32f4xx_sdio.o(.text)
    SDIO_Init                                0x0800497b   Thumb Code    42  stm32f4xx_sdio.o(.text)
    SDIO_StructInit                          0x080049a5   Thumb Code    16  stm32f4xx_sdio.o(.text)
    SDIO_ClockCmd                            0x080049b5   Thumb Code     6  stm32f4xx_sdio.o(.text)
    SDIO_SetPowerState                       0x080049bb   Thumb Code     8  stm32f4xx_sdio.o(.text)
    SDIO_GetPowerState                       0x080049c3   Thumb Code    12  stm32f4xx_sdio.o(.text)
    SDIO_SendCommand                         0x080049cf   Thumb Code    42  stm32f4xx_sdio.o(.text)
    SDIO_CmdStructInit                       0x080049f9   Thumb Code    14  stm32f4xx_sdio.o(.text)
    SDIO_GetCommandResponse                  0x08004a07   Thumb Code    10  stm32f4xx_sdio.o(.text)
    SDIO_GetResponse                         0x08004a11   Thumb Code    22  stm32f4xx_sdio.o(.text)
    SDIO_DataConfig                          0x08004a27   Thumb Code    48  stm32f4xx_sdio.o(.text)
    SDIO_DataStructInit                      0x08004a57   Thumb Code    20  stm32f4xx_sdio.o(.text)
    SDIO_GetDataCounter                      0x08004a6b   Thumb Code     8  stm32f4xx_sdio.o(.text)
    SDIO_ReadData                            0x08004a73   Thumb Code     8  stm32f4xx_sdio.o(.text)
    SDIO_WriteData                           0x08004a7b   Thumb Code     8  stm32f4xx_sdio.o(.text)
    SDIO_GetFIFOCount                        0x08004a83   Thumb Code     8  stm32f4xx_sdio.o(.text)
    SDIO_StartSDIOReadWait                   0x08004a8b   Thumb Code     6  stm32f4xx_sdio.o(.text)
    SDIO_StopSDIOReadWait                    0x08004a91   Thumb Code     8  stm32f4xx_sdio.o(.text)
    SDIO_SetSDIOReadWaitMode                 0x08004a99   Thumb Code     8  stm32f4xx_sdio.o(.text)
    SDIO_SetSDIOOperation                    0x08004aa1   Thumb Code     8  stm32f4xx_sdio.o(.text)
    SDIO_SendSDIOSuspendCmd                  0x08004aa9   Thumb Code     6  stm32f4xx_sdio.o(.text)
    SDIO_CommandCompletionCmd                0x08004aaf   Thumb Code     8  stm32f4xx_sdio.o(.text)
    SDIO_CEATAITCmd                          0x08004ab7   Thumb Code    12  stm32f4xx_sdio.o(.text)
    SDIO_SendCEATACmd                        0x08004ac3   Thumb Code     8  stm32f4xx_sdio.o(.text)
    SDIO_DMACmd                              0x08004acb   Thumb Code     8  stm32f4xx_sdio.o(.text)
    SDIO_ITConfig                            0x08004ad3   Thumb Code    34  stm32f4xx_sdio.o(.text)
    SDIO_GetFlagStatus                       0x08004af5   Thumb Code    22  stm32f4xx_sdio.o(.text)
    SDIO_ClearFlag                           0x08004b0b   Thumb Code     8  stm32f4xx_sdio.o(.text)
    SDIO_GetITStatus                         0x08004b13   Thumb Code    22  stm32f4xx_sdio.o(.text)
    SDIO_ClearITPendingBit                   0x08004b29   Thumb Code     8  stm32f4xx_sdio.o(.text)
    SPI_I2S_DeInit                           0x08004b41   Thumb Code   152  stm32f4xx_spi.o(.text)
    SPI_Init                                 0x08004bd9   Thumb Code    60  stm32f4xx_spi.o(.text)
    I2S_Init                                 0x08004c15   Thumb Code   396  stm32f4xx_spi.o(.text)
    SPI_StructInit                           0x08004da1   Thumb Code    24  stm32f4xx_spi.o(.text)
    I2S_StructInit                           0x08004db9   Thumb Code    20  stm32f4xx_spi.o(.text)
    SPI_Cmd                                  0x08004dcd   Thumb Code    24  stm32f4xx_spi.o(.text)
    I2S_Cmd                                  0x08004de5   Thumb Code    24  stm32f4xx_spi.o(.text)
    SPI_DataSizeConfig                       0x08004dfd   Thumb Code    18  stm32f4xx_spi.o(.text)
    SPI_BiDirectionalLineConfig              0x08004e0f   Thumb Code    28  stm32f4xx_spi.o(.text)
    SPI_NSSInternalSoftwareConfig            0x08004e2b   Thumb Code    30  stm32f4xx_spi.o(.text)
    SPI_SSOutputCmd                          0x08004e49   Thumb Code    24  stm32f4xx_spi.o(.text)
    SPI_TIModeCmd                            0x08004e61   Thumb Code    24  stm32f4xx_spi.o(.text)
    I2S_FullDuplexConfig                     0x08004e79   Thumb Code    80  stm32f4xx_spi.o(.text)
    SPI_I2S_ReceiveData                      0x08004ec9   Thumb Code     6  stm32f4xx_spi.o(.text)
    SPI_I2S_SendData                         0x08004ecf   Thumb Code     4  stm32f4xx_spi.o(.text)
    SPI_CalculateCRC                         0x08004ed3   Thumb Code    24  stm32f4xx_spi.o(.text)
    SPI_TransmitCRC                          0x08004eeb   Thumb Code    10  stm32f4xx_spi.o(.text)
    SPI_GetCRC                               0x08004ef5   Thumb Code    16  stm32f4xx_spi.o(.text)
    SPI_GetCRCPolynomial                     0x08004f05   Thumb Code     6  stm32f4xx_spi.o(.text)
    SPI_I2S_DMACmd                           0x08004f0b   Thumb Code    18  stm32f4xx_spi.o(.text)
    SPI_I2S_ITConfig                         0x08004f1d   Thumb Code    68  stm32f4xx_spi.o(.text)
    SPI_I2S_GetFlagStatus                    0x08004f61   Thumb Code    18  stm32f4xx_spi.o(.text)
    SPI_I2S_ClearFlag                        0x08004f73   Thumb Code     6  stm32f4xx_spi.o(.text)
    SPI_I2S_GetITStatus                      0x08004f79   Thumb Code    52  stm32f4xx_spi.o(.text)
    SPI_I2S_ClearITPendingBit                0x08004fad   Thumb Code    20  stm32f4xx_spi.o(.text)
    TIM_DeInit                               0x08004fc1   Thumb Code   346  stm32f4xx_tim.o(.text)
    TIM_TimeBaseInit                         0x0800511b   Thumb Code   104  stm32f4xx_tim.o(.text)
    TIM_TimeBaseStructInit                   0x08005183   Thumb Code    18  stm32f4xx_tim.o(.text)
    TIM_PrescalerConfig                      0x08005195   Thumb Code     6  stm32f4xx_tim.o(.text)
    TIM_CounterModeConfig                    0x0800519b   Thumb Code    18  stm32f4xx_tim.o(.text)
    TIM_SetCounter                           0x080051ad   Thumb Code     4  stm32f4xx_tim.o(.text)
    TIM_SetAutoreload                        0x080051b1   Thumb Code     4  stm32f4xx_tim.o(.text)
    TIM_GetCounter                           0x080051b5   Thumb Code     6  stm32f4xx_tim.o(.text)
    TIM_GetPrescaler                         0x080051bb   Thumb Code     6  stm32f4xx_tim.o(.text)
    TIM_UpdateDisableConfig                  0x080051c1   Thumb Code    24  stm32f4xx_tim.o(.text)
    TIM_UpdateRequestConfig                  0x080051d9   Thumb Code    24  stm32f4xx_tim.o(.text)
    TIM_ARRPreloadConfig                     0x080051f1   Thumb Code    24  stm32f4xx_tim.o(.text)
    TIM_SelectOnePulseMode                   0x08005209   Thumb Code    18  stm32f4xx_tim.o(.text)
    TIM_SetClockDivision                     0x0800521b   Thumb Code    18  stm32f4xx_tim.o(.text)
    TIM_Cmd                                  0x0800522d   Thumb Code    24  stm32f4xx_tim.o(.text)
    TIM_OC1Init                              0x08005245   Thumb Code   114  stm32f4xx_tim.o(.text)
    TIM_OC2Init                              0x080052b7   Thumb Code   154  stm32f4xx_tim.o(.text)
    TIM_OC3Init                              0x08005351   Thumb Code   204  stm32f4xx_tim.o(.text)
    TIM_OC4Init                              0x0800541d   Thumb Code   112  stm32f4xx_tim.o(.text)
    TIM_OCStructInit                         0x0800548d   Thumb Code    20  stm32f4xx_tim.o(.text)
    TIM_SelectOCxM                           0x080054a1   Thumb Code    86  stm32f4xx_tim.o(.text)
    TIM_SetCompare1                          0x080054f7   Thumb Code     4  stm32f4xx_tim.o(.text)
    TIM_SetCompare2                          0x080054fb   Thumb Code     4  stm32f4xx_tim.o(.text)
    TIM_SetCompare3                          0x080054ff   Thumb Code     4  stm32f4xx_tim.o(.text)
    TIM_SetCompare4                          0x08005503   Thumb Code     4  stm32f4xx_tim.o(.text)
    TIM_ForcedOC1Config                      0x08005507   Thumb Code    18  stm32f4xx_tim.o(.text)
    TIM_ForcedOC2Config                      0x08005519   Thumb Code    26  stm32f4xx_tim.o(.text)
    TIM_ForcedOC3Config                      0x08005533   Thumb Code    18  stm32f4xx_tim.o(.text)
    TIM_ForcedOC4Config                      0x08005545   Thumb Code    26  stm32f4xx_tim.o(.text)
    TIM_OC1PreloadConfig                     0x0800555f   Thumb Code    18  stm32f4xx_tim.o(.text)
    TIM_OC2PreloadConfig                     0x08005571   Thumb Code    26  stm32f4xx_tim.o(.text)
    TIM_OC3PreloadConfig                     0x0800558b   Thumb Code    18  stm32f4xx_tim.o(.text)
    TIM_OC4PreloadConfig                     0x0800559d   Thumb Code    26  stm32f4xx_tim.o(.text)
    TIM_OC1FastConfig                        0x080055b7   Thumb Code    18  stm32f4xx_tim.o(.text)
    TIM_OC2FastConfig                        0x080055c9   Thumb Code    26  stm32f4xx_tim.o(.text)
    TIM_OC3FastConfig                        0x080055e3   Thumb Code    18  stm32f4xx_tim.o(.text)
    TIM_OC4FastConfig                        0x080055f5   Thumb Code    26  stm32f4xx_tim.o(.text)
    TIM_ClearOC1Ref                          0x0800560f   Thumb Code    18  stm32f4xx_tim.o(.text)
    TIM_ClearOC2Ref                          0x08005621   Thumb Code    24  stm32f4xx_tim.o(.text)
    TIM_ClearOC3Ref                          0x08005639   Thumb Code    18  stm32f4xx_tim.o(.text)
    TIM_ClearOC4Ref                          0x0800564b   Thumb Code    24  stm32f4xx_tim.o(.text)
    TIM_OC1PolarityConfig                    0x08005663   Thumb Code    18  stm32f4xx_tim.o(.text)
    TIM_OC1NPolarityConfig                   0x08005675   Thumb Code    18  stm32f4xx_tim.o(.text)
    TIM_OC2PolarityConfig                    0x08005687   Thumb Code    26  stm32f4xx_tim.o(.text)
    TIM_OC2NPolarityConfig                   0x080056a1   Thumb Code    26  stm32f4xx_tim.o(.text)
    TIM_OC3PolarityConfig                    0x080056bb   Thumb Code    26  stm32f4xx_tim.o(.text)
    TIM_OC3NPolarityConfig                   0x080056d5   Thumb Code    26  stm32f4xx_tim.o(.text)
    TIM_OC4PolarityConfig                    0x080056ef   Thumb Code    26  stm32f4xx_tim.o(.text)
    TIM_CCxCmd                               0x08005709   Thumb Code    30  stm32f4xx_tim.o(.text)
    TIM_CCxNCmd                              0x08005727   Thumb Code    30  stm32f4xx_tim.o(.text)
    TIM_SetIC4Prescaler                      0x08005745   Thumb Code    26  stm32f4xx_tim.o(.text)
    TIM_SetIC3Prescaler                      0x080057af   Thumb Code    18  stm32f4xx_tim.o(.text)
    TIM_SetIC2Prescaler                      0x08005809   Thumb Code    26  stm32f4xx_tim.o(.text)
    TIM_SetIC1Prescaler                      0x0800587d   Thumb Code    18  stm32f4xx_tim.o(.text)
    TIM_ICInit                               0x080058c9   Thumb Code   110  stm32f4xx_tim.o(.text)
    TIM_ICStructInit                         0x08005937   Thumb Code    18  stm32f4xx_tim.o(.text)
    TIM_PWMIConfig                           0x08005949   Thumb Code   124  stm32f4xx_tim.o(.text)
    TIM_GetCapture1                          0x080059c5   Thumb Code     6  stm32f4xx_tim.o(.text)
    TIM_GetCapture2                          0x080059cb   Thumb Code     6  stm32f4xx_tim.o(.text)
    TIM_GetCapture3                          0x080059d1   Thumb Code     6  stm32f4xx_tim.o(.text)
    TIM_GetCapture4                          0x080059d7   Thumb Code     6  stm32f4xx_tim.o(.text)
    TIM_BDTRConfig                           0x080059dd   Thumb Code    32  stm32f4xx_tim.o(.text)
    TIM_BDTRStructInit                       0x080059fd   Thumb Code    18  stm32f4xx_tim.o(.text)
    TIM_CtrlPWMOutputs                       0x08005a0f   Thumb Code    30  stm32f4xx_tim.o(.text)
    TIM_SelectCOM                            0x08005a2d   Thumb Code    24  stm32f4xx_tim.o(.text)
    TIM_CCPreloadControl                     0x08005a45   Thumb Code    24  stm32f4xx_tim.o(.text)
    TIM_ITConfig                             0x08005a5d   Thumb Code    18  stm32f4xx_tim.o(.text)
    TIM_GenerateEvent                        0x08005a6f   Thumb Code     4  stm32f4xx_tim.o(.text)
    TIM_GetFlagStatus                        0x08005a73   Thumb Code    18  stm32f4xx_tim.o(.text)
    TIM_ClearFlag                            0x08005a85   Thumb Code     6  stm32f4xx_tim.o(.text)
    TIM_GetITStatus                          0x08005a8b   Thumb Code    34  stm32f4xx_tim.o(.text)
    TIM_ClearITPendingBit                    0x08005aad   Thumb Code     6  stm32f4xx_tim.o(.text)
    TIM_DMAConfig                            0x08005ab3   Thumb Code    10  stm32f4xx_tim.o(.text)
    TIM_DMACmd                               0x08005abd   Thumb Code    18  stm32f4xx_tim.o(.text)
    TIM_SelectCCDMA                          0x08005acf   Thumb Code    24  stm32f4xx_tim.o(.text)
    TIM_InternalClockConfig                  0x08005ae7   Thumb Code    12  stm32f4xx_tim.o(.text)
    TIM_SelectInputTrigger                   0x08005af3   Thumb Code    18  stm32f4xx_tim.o(.text)
    TIM_ITRxExternalClockConfig              0x08005b05   Thumb Code    24  stm32f4xx_tim.o(.text)
    TIM_TIxExternalClockConfig               0x08005b1d   Thumb Code    62  stm32f4xx_tim.o(.text)
    TIM_ETRConfig                            0x08005b5b   Thumb Code    28  stm32f4xx_tim.o(.text)
    TIM_ETRClockMode1Config                  0x08005b77   Thumb Code    54  stm32f4xx_tim.o(.text)
    TIM_ETRClockMode2Config                  0x08005bad   Thumb Code    32  stm32f4xx_tim.o(.text)
    TIM_SelectOutputTrigger                  0x08005bcd   Thumb Code    18  stm32f4xx_tim.o(.text)
    TIM_SelectSlaveMode                      0x08005bdf   Thumb Code    18  stm32f4xx_tim.o(.text)
    TIM_SelectMasterSlaveMode                0x08005bf1   Thumb Code    18  stm32f4xx_tim.o(.text)
    TIM_EncoderInterfaceConfig               0x08005c03   Thumb Code    66  stm32f4xx_tim.o(.text)
    TIM_SelectHallSensor                     0x08005c45   Thumb Code    24  stm32f4xx_tim.o(.text)
    TIM_RemapConfig                          0x08005c5d   Thumb Code     6  stm32f4xx_tim.o(.text)
    DMA_DeInit                               0x08005c65   Thumb Code   324  stm32f4xx_dma.o(.text)
    DMA_Init                                 0x08005da9   Thumb Code    82  stm32f4xx_dma.o(.text)
    DMA_StructInit                           0x08005dfb   Thumb Code    34  stm32f4xx_dma.o(.text)
    DMA_Cmd                                  0x08005e1d   Thumb Code    22  stm32f4xx_dma.o(.text)
    DMA_PeriphIncOffsetSizeConfig            0x08005e33   Thumb Code    22  stm32f4xx_dma.o(.text)
    DMA_FlowControllerConfig                 0x08005e49   Thumb Code    22  stm32f4xx_dma.o(.text)
    DMA_SetCurrDataCounter                   0x08005e5f   Thumb Code     4  stm32f4xx_dma.o(.text)
    DMA_GetCurrDataCounter                   0x08005e63   Thumb Code     8  stm32f4xx_dma.o(.text)
    DMA_DoubleBufferModeConfig               0x08005e6b   Thumb Code    24  stm32f4xx_dma.o(.text)
    DMA_DoubleBufferModeCmd                  0x08005e83   Thumb Code    22  stm32f4xx_dma.o(.text)
    DMA_MemoryTargetConfig                   0x08005e99   Thumb Code    10  stm32f4xx_dma.o(.text)
    DMA_GetCurrentMemoryTarget               0x08005ea3   Thumb Code    20  stm32f4xx_dma.o(.text)
    DMA_GetCmdStatus                         0x08005eb7   Thumb Code    20  stm32f4xx_dma.o(.text)
    DMA_GetFIFOStatus                        0x08005ecb   Thumb Code    12  stm32f4xx_dma.o(.text)
    DMA_GetFlagStatus                        0x08005ed7   Thumb Code    56  stm32f4xx_dma.o(.text)
    DMA_ClearFlag                            0x08005f0f   Thumb Code    40  stm32f4xx_dma.o(.text)
    DMA_ITConfig                             0x08005f37   Thumb Code    58  stm32f4xx_dma.o(.text)
    DMA_GetITStatus                          0x08005f71   Thumb Code    84  stm32f4xx_dma.o(.text)
    DMA_ClearITPendingBit                    0x08005fc5   Thumb Code    40  stm32f4xx_dma.o(.text)
    mymemcpy                                 0x0800600d   Thumb Code    26  malloc.o(.text)
    mymemset                                 0x08006027   Thumb Code    20  malloc.o(.text)
    my_mem_init                              0x0800603b   Thumb Code    54  malloc.o(.text)
    my_mem_perused                           0x08006071   Thumb Code    54  malloc.o(.text)
    my_mem_malloc                            0x080060a7   Thumb Code   154  malloc.o(.text)
    my_mem_free                              0x08006141   Thumb Code    94  malloc.o(.text)
    myfree                                   0x0800619f   Thumb Code    32  malloc.o(.text)
    mymalloc                                 0x080061bf   Thumb Code    36  malloc.o(.text)
    myrealloc                                0x080061e3   Thumb Code    68  malloc.o(.text)
    usmart_sys_cmd_exe                       0x08006239   Thumb Code   646  usmart.o(.text)
    usmart_reset_runtime                     0x080064bf   Thumb Code    38  usmart.o(.text)
    usmart_get_runtime                       0x080064e5   Thumb Code    60  usmart.o(.text)
    TIM4_IRQHandler                          0x08006521   Thumb Code    46  usmart.o(.text)
    Timer4_Init                              0x0800654f   Thumb Code   634  usmart.o(.text)
    usmart_init                              0x080067c9   Thumb Code    36  usmart.o(.text)
    usmart_cmd_rec                           0x080067ed   Thumb Code   170  usmart.o(.text)
    usmart_exe                               0x08006897   Thumb Code   632  usmart.o(.text)
    usmart_scan                              0x08006b0f   Thumb Code   122  usmart.o(.text)
    read_addr                                0x08006b89   Thumb Code     6  usmart.o(.text)
    write_addr                               0x08006b8f   Thumb Code     4  usmart.o(.text)
    usmart_strcmp                            0x08006c45   Thumb Code    34  usmart_str.o(.text)
    usmart_strcopy                           0x08006c67   Thumb Code    22  usmart_str.o(.text)
    usmart_strlen                            0x08006c7d   Thumb Code    24  usmart_str.o(.text)
    usmart_pow                               0x08006c95   Thumb Code    22  usmart_str.o(.text)
    usmart_str2num                           0x08006cab   Thumb Code   202  usmart_str.o(.text)
    usmart_get_cmdname                       0x08006d75   Thumb Code    54  usmart_str.o(.text)
    usmart_search_nextc                      0x08006dab   Thumb Code    22  usmart_str.o(.text)
    usmart_get_fname                         0x08006dc1   Thumb Code   440  usmart_str.o(.text)
    usmart_get_aparm                         0x08006f79   Thumb Code   200  usmart_str.o(.text)
    usmart_get_parmpos                       0x08007041   Thumb Code    26  usmart_str.o(.text)
    usmart_get_fparam                        0x0800705b   Thumb Code   262  usmart_str.o(.text)
    exfuns_init                              0x0800716d   Thumb Code   114  exfuns.o(.text)
    char_upper                               0x080071df   Thumb Code    26  exfuns.o(.text)
    f_typetell                               0x080071f9   Thumb Code   172  exfuns.o(.text)
    exf_getfree                              0x080072a5   Thumb Code    74  exfuns.o(.text)
    mf_mount                                 0x08007305   Thumb Code    20  fattester.o(.text)
    mf_open                                  0x08007319   Thumb Code    24  fattester.o(.text)
    mf_close                                 0x08007331   Thumb Code    14  fattester.o(.text)
    mf_read                                  0x0800733f   Thumb Code   224  fattester.o(.text)
    mf_write                                 0x0800741f   Thumb Code    68  fattester.o(.text)
    mf_opendir                               0x08007463   Thumb Code    14  fattester.o(.text)
    mf_closedir                              0x08007471   Thumb Code    10  fattester.o(.text)
    mf_readdir                               0x0800747b   Thumb Code   204  fattester.o(.text)
    mf_scan_files                            0x08007547   Thumb Code   120  fattester.o(.text)
    mf_showfree                              0x080075bf   Thumb Code    88  fattester.o(.text)
    mf_lseek                                 0x08007617   Thumb Code    16  fattester.o(.text)
    mf_tell                                  0x08007627   Thumb Code     8  fattester.o(.text)
    mf_size                                  0x0800762f   Thumb Code     8  fattester.o(.text)
    mf_mkdir                                 0x08007637   Thumb Code    12  fattester.o(.text)
    mf_fmkfs                                 0x08007643   Thumb Code    20  fattester.o(.text)
    mf_unlink                                0x08007657   Thumb Code    12  fattester.o(.text)
    mf_rename                                0x08007663   Thumb Code    16  fattester.o(.text)
    mf_getlabel                              0x08007673   Thumb Code    58  fattester.o(.text)
    mf_setlabel                              0x080076ad   Thumb Code    34  fattester.o(.text)
    mf_gets                                  0x080076cf   Thumb Code   758  fattester.o(.text)
    mf_putc                                  0x080079c5   Thumb Code    18  fattester.o(.text)
    mf_puts                                  0x080079d7   Thumb Code    18  fattester.o(.text)
    disk_initialize                          0x08007a09   Thumb Code    52  diskio.o(.text)
    disk_status                              0x08007a3d   Thumb Code     6  diskio.o(.text)
    disk_read                                0x08007a43   Thumb Code   122  diskio.o(.text)
    disk_write                               0x08007abd   Thumb Code   122  diskio.o(.text)
    disk_ioctl                               0x08007b37   Thumb Code   170  diskio.o(.text)
    get_fattime                              0x08007be1   Thumb Code     4  diskio.o(.text)
    ff_memalloc                              0x08007be5   Thumb Code    14  diskio.o(.text)
    ff_memfree                               0x08007bf3   Thumb Code    14  diskio.o(.text)
    clust2sect                               0x08007db7   Thumb Code    26  ff.o(.text)
    get_fat                                  0x08007dd1   Thumb Code   232  ff.o(.text)
    put_fat                                  0x08007eb9   Thumb Code   310  ff.o(.text)
    dir_sdi                                  0x08008163   Thumb Code   158  ff.o(.text)
    f_mount                                  0x080091d5   Thumb Code    86  ff.o(.text)
    f_open                                   0x0800922b   Thumb Code   384  ff.o(.text)
    f_read                                   0x080093ab   Thumb Code   448  ff.o(.text)
    f_write                                  0x0800956b   Thumb Code   490  ff.o(.text)
    f_sync                                   0x08009755   Thumb Code   176  ff.o(.text)
    f_close                                  0x08009805   Thumb Code    36  ff.o(.text)
    f_lseek                                  0x08009829   Thumb Code   654  ff.o(.text)
    f_opendir                                0x08009ab7   Thumb Code   136  ff.o(.text)
    f_closedir                               0x08009b3f   Thumb Code    22  ff.o(.text)
    f_readdir                                0x08009b55   Thumb Code   114  ff.o(.text)
    f_stat                                   0x08009bc7   Thumb Code    84  ff.o(.text)
    f_getfree                                0x08009c1b   Thumb Code   258  ff.o(.text)
    f_truncate                               0x08009d1d   Thumb Code   184  ff.o(.text)
    f_unlink                                 0x08009dd5   Thumb Code   194  ff.o(.text)
    f_mkdir                                  0x08009e97   Thumb Code   380  ff.o(.text)
    f_chmod                                  0x0800a013   Thumb Code   112  ff.o(.text)
    f_utime                                  0x0800a083   Thumb Code   110  ff.o(.text)
    f_rename                                 0x0800a0f1   Thumb Code   314  ff.o(.text)
    f_getlabel                               0x0800a22b   Thumb Code   190  ff.o(.text)
    f_setlabel                               0x0800a2e9   Thumb Code   470  ff.o(.text)
    f_mkfs                                   0x0800a4bf   Thumb Code  1570  ff.o(.text)
    f_gets                                   0x0800aae1   Thumb Code    82  ff.o(.text)
    f_putc                                   0x0800ab77   Thumb Code    64  ff.o(.text)
    f_puts                                   0x0800abb7   Thumb Code    74  ff.o(.text)
    f_printf                                 0x0800ac01   Thumb Code   674  ff.o(.text)
    ff_convert                               0x0800aea5   Thumb Code   116  cc936.o(.text)
    ff_wtoupper                              0x0800af19   Thumb Code    46  cc936.o(.text)
    __use_no_semihosting                     0x0800af59   Thumb Code     2  use_no_semi_2.o(.text)
    __aeabi_ldivmod                          0x0800af5b   Thumb Code     0  llsdiv.o(.text)
    _ll_sdiv                                 0x0800af5b   Thumb Code    72  llsdiv.o(.text)
    __2printf                                0x0800afa5   Thumb Code    20  __2printf.o(.text)
    __2sprintf                               0x0800afbd   Thumb Code    38  __2sprintf.o(.text)
    _printf_pre_padding                      0x0800afe9   Thumb Code    44  _printf_pad.o(.text)
    _printf_post_padding                     0x0800b015   Thumb Code    34  _printf_pad.o(.text)
    _printf_str                              0x0800b037   Thumb Code    82  _printf_str.o(.text)
    _printf_int_dec                          0x0800b089   Thumb Code   104  _printf_dec.o(.text)
    _printf_int_hex                          0x0800b101   Thumb Code    84  _printf_hex_int.o(.text)
    _printf_longlong_hex                     0x0800b101   Thumb Code     0  _printf_hex_int.o(.text)
    __printf                                 0x0800b159   Thumb Code   388  __printf_flags_ss_wp.o(.text)
    strcpy                                   0x0800b2e1   Thumb Code    72  strcpy.o(.text)
    __aeabi_memcpy                           0x0800b329   Thumb Code     0  rt_memcpy_v6.o(.text)
    __rt_memcpy                              0x0800b329   Thumb Code   138  rt_memcpy_v6.o(.text)
    _memcpy_lastbytes                        0x0800b38f   Thumb Code     0  rt_memcpy_v6.o(.text)
    strcmp                                   0x0800b3b5   Thumb Code   128  strcmpv7m.o(.text)
    __use_two_region_memory                  0x0800b435   Thumb Code     2  heapauxi.o(.text)
    __rt_heap_escrow$2region                 0x0800b437   Thumb Code     2  heapauxi.o(.text)
    __rt_heap_expand$2region                 0x0800b439   Thumb Code     2  heapauxi.o(.text)
    __I$use$semihosting                      0x0800b43b   Thumb Code     0  use_no_semi.o(.text)
    __use_no_semihosting_swi                 0x0800b43b   Thumb Code     2  use_no_semi.o(.text)
    __aeabi_uldivmod                         0x0800b43d   Thumb Code     0  lludivv7m.o(.text)
    _ll_udiv                                 0x0800b43d   Thumb Code   238  lludivv7m.o(.text)
    _printf_int_common                       0x0800b52b   Thumb Code   178  _printf_intcommon.o(.text)
    __lib_sel_fp_printf                      0x0800b5dd   Thumb Code     2  _printf_fp_dec.o(.text)
    _printf_fp_dec_real                      0x0800b78b   Thumb Code   620  _printf_fp_dec.o(.text)
    _printf_char_common                      0x0800ba03   Thumb Code    32  _printf_char_common.o(.text)
    _sputc                                   0x0800ba29   Thumb Code    10  _sputc.o(.text)
    _printf_cs_common                        0x0800ba33   Thumb Code    20  _printf_char.o(.text)
    _printf_char                             0x0800ba47   Thumb Code    16  _printf_char.o(.text)
    _printf_string                           0x0800ba57   Thumb Code     8  _printf_char.o(.text)
    _printf_char_file                        0x0800ba61   Thumb Code    32  _printf_char_file.o(.text)
    __aeabi_memcpy4                          0x0800ba85   Thumb Code     0  rt_memcpy_w.o(.text)
    __aeabi_memcpy8                          0x0800ba85   Thumb Code     0  rt_memcpy_w.o(.text)
    __rt_memcpy_w                            0x0800ba85   Thumb Code   100  rt_memcpy_w.o(.text)
    _memcpy_lastbytes_aligned                0x0800bacd   Thumb Code     0  rt_memcpy_w.o(.text)
    __rt_locale                              0x0800bae9   Thumb Code     8  rt_locale_intlibspace.o(.text)
    _ll_udiv10                               0x0800baf1   Thumb Code   138  lludiv10.o(.text)
    _printf_fp_infnan                        0x0800bb7d   Thumb Code   112  _printf_fp_infnan.o(.text)
    _btod_etento                             0x0800bbfd   Thumb Code   216  bigflt0.o(.text)
    ferror                                   0x0800bcd9   Thumb Code     8  ferror.o(.text)
    __user_libspace                          0x0800bce1   Thumb Code     8  libspace.o(.text)
    __user_perproc_libspace                  0x0800bce1   Thumb Code     0  libspace.o(.text)
    __user_perthread_libspace                0x0800bce1   Thumb Code     0  libspace.o(.text)
    __user_setup_stackheap                   0x0800bce9   Thumb Code    74  sys_stackheap_outer.o(.text)
    exit                                     0x0800bd33   Thumb Code    12  exit.o(.text)
    _btod_d2e                                0x0800bd3f   Thumb Code    62  btod.o(CL$$btod_d2e)
    _d2e_denorm_low                          0x0800bd7d   Thumb Code    70  btod.o(CL$$btod_d2e_denorm_low)
    _d2e_norm_op1                            0x0800bdc3   Thumb Code    96  btod.o(CL$$btod_d2e_norm_op1)
    __btod_div_common                        0x0800be23   Thumb Code   696  btod.o(CL$$btod_div_common)
    _e2e                                     0x0800c15b   Thumb Code   198  btod.o(CL$$btod_e2e)
    _btod_ediv                               0x0800c221   Thumb Code    40  btod.o(CL$$btod_ediv)
    _btod_emul                               0x0800c249   Thumb Code    40  btod.o(CL$$btod_emul)
    __btod_mult_common                       0x0800c271   Thumb Code   580  btod.o(CL$$btod_mult_common)
    __ARM_fpclassify                         0x0800c4b5   Thumb Code    48  fpclassify.o(i.__ARM_fpclassify)
    _is_digit                                0x0800c4e5   Thumb Code    14  __printf_wp.o(i._is_digit)
    _get_lc_numeric                          0x0800c4f5   Thumb Code    44  lc_numeric_c.o(locale$$code)
    __aeabi_d2f                              0x0800c521   Thumb Code     0  d2f.o(x$fpl$d2f)
    _d2f                                     0x0800c521   Thumb Code    98  d2f.o(x$fpl$d2f)
    __aeabi_dadd                             0x0800c585   Thumb Code     0  daddsub_clz.o(x$fpl$dadd)
    _dadd                                    0x0800c585   Thumb Code   332  daddsub_clz.o(x$fpl$dadd)
    __fpl_dnaninf                            0x0800c6d5   Thumb Code   156  dnaninf.o(x$fpl$dnaninf)
    __fpl_dretinf                            0x0800c771   Thumb Code    12  dretinf.o(x$fpl$dretinf)
    __aeabi_dsub                             0x0800c77d   Thumb Code     0  daddsub_clz.o(x$fpl$dsub)
    _dsub                                    0x0800c77d   Thumb Code   464  daddsub_clz.o(x$fpl$dsub)
    __aeabi_f2d                              0x0800c951   Thumb Code     0  f2d.o(x$fpl$f2d)
    _f2d                                     0x0800c951   Thumb Code    86  f2d.o(x$fpl$f2d)
    __fpl_fnaninf                            0x0800c9a7   Thumb Code   140  fnaninf.o(x$fpl$fnaninf)
    _fp_init                                 0x0800ca33   Thumb Code    10  fpinit.o(x$fpl$fpinit)
    __fplib_config_fpu_vfp                   0x0800ca3b   Thumb Code     0  fpinit.o(x$fpl$fpinit)
    __fplib_config_pureend_doubles           0x0800ca3b   Thumb Code     0  fpinit.o(x$fpl$fpinit)
    __fpl_fretinf                            0x0800ca3d   Thumb Code    10  fretinf.o(x$fpl$fretinf)
    _printf_fp_dec                           0x0800ca47   Thumb Code     4  printf1.o(x$fpl$printf1)
    __I$use$fp                               0x0800ca4a   Number         0  usenofp.o(x$fpl$usenofp)
    memtblsize                               0x0800ca4c   Data          12  malloc.o(.constdata)
    memblksize                               0x0800ca58   Data          12  malloc.o(.constdata)
    memsize                                  0x0800ca64   Data          12  malloc.o(.constdata)
    FILE_TYPE_TBL                            0x0800ca70   Data         112  exfuns.o(.constdata)
    Region$$Table$$Base                      0x08037f40   Number         0  anon$$obj.o(Region$$Table)
    Region$$Table$$Limit                     0x08037f60   Number         0  anon$$obj.o(Region$$Table)
    mem3base                                 0x10000000   Data       61440  malloc.o(.ARM.__AT_0x10000000)
    mem3mapbase                              0x1000f000   Data        3840  malloc.o(.ARM.__AT_0x1000F000)
    SystemCoreClock                          0x20000000   Data           4  system_stm32f4xx.o(.data)
    AHBPrescTable                            0x20000004   Data          16  system_stm32f4xx.o(.data)
    TransferError                            0x20000022   Data           1  sdio_sdcard.o(.data)
    TransferEnd                              0x20000023   Data           1  sdio_sdcard.o(.data)
    tempbuff                                 0x20000024   Data           4  sdio_sdcard.o(.data)
    W25QXX_TYPE                              0x20000028   Data           2  w25qxx.o(.data)
    __stdout                                 0x20000030   Data           4  usart.o(.data)
    USART_RX_STA                             0x20000034   Data           2  usart.o(.data)
    mallco_dev                               0x20000048   Data          36  malloc.o(.data)
    sys_cmd_tab                              0x2000006c   Data          28  usmart.o(.data)
    usmart_nametab                           0x20000088   Data         216  usmart_config.o(.data)
    usmart_dev                               0x20000160   Data         244  usmart_config.o(.data)
    file                                     0x20000254   Data           4  exfuns.o(.data)
    ftemp                                    0x20000258   Data           4  exfuns.o(.data)
    br                                       0x2000025c   Data           4  exfuns.o(.data)
    bw                                       0x20000260   Data           4  exfuns.o(.data)
    fatbuf                                   0x20000264   Data           4  exfuns.o(.data)
    FLASH_SECTOR_COUNT                       0x20000268   Data           2  diskio.o(.data)
    SDIO_InitStructure                       0x20000270   Data          24  sdio_sdcard.o(.bss)
    SDIO_CmdInitStructure                    0x20000288   Data          20  sdio_sdcard.o(.bss)
    SDIO_DataInitStructure                   0x2000029c   Data          24  sdio_sdcard.o(.bss)
    SDCardInfo                               0x200002d8   Data          88  sdio_sdcard.o(.bss)
    SDIO_DATA_BUFFER                         0x20000330   Data         512  sdio_sdcard.o(.bss)
    W25QXX_BUFFER                            0x20000530   Data        4096  w25qxx.o(.bss)
    f                                        0x20001530   Data          13  ano_dt.o(.bss)
    data_to_send                             0x2000153d   Data          50  ano_dt.o(.bss)
    USART_RX_BUF                             0x2000156f   Data         200  usart.o(.bss)
    mem1base                                 0x20001640   Data       102400  malloc.o(.bss)
    mem1mapbase                              0x2001a640   Data        6400  malloc.o(.bss)
    fs                                       0x2001bf40   Data          12  exfuns.o(.bss)
    fileinfo                                 0x2001bf4c   Data          32  exfuns.o(.bss)
    dir                                      0x2001bf6c   Data          36  exfuns.o(.bss)
    __libspace_start                         0x2001bf9c   Data          96  libspace.o(.bss)
    __temporary_stack_top$libspace           0x2001bffc   Data           0  libspace.o(.bss)
    mem2base                                 0x68000000   Data       983040  malloc.o(.ARM.__AT_0x68000000)
    mem2mapbase                              0x680f0000   Data       61440  malloc.o(.ARM.__AT_0x680F0000)



==============================================================================

Memory Map of the image

  Image Entry point : 0x08000189

  Load Region LR_IROM1 (Base: 0x08000000, Size: 0x000381e8, Max: 0x00100000, ABSOLUTE, COMPRESSED[0x00038090])

    Execution Region ER_IROM1 (Base: 0x08000000, Size: 0x00037f7c, Max: 0x00100000, ABSOLUTE)

    Base Addr    Size         Type   Attr      Idx    E Section Name        Object

    0x08000000   0x00000188   Data   RO          547    RESET               startup_stm32f40_41xxx.o
    0x08000188   0x00000008   Code   RO         1076  * !!!main             c_w.l(__main.o)
    0x08000190   0x00000034   Code   RO         1327    !!!scatter          c_w.l(__scatter.o)
    0x080001c4   0x0000005a   Code   RO         1325    !!dczerorl2         c_w.l(__dczerorl2.o)
    0x0800021e   0x00000002   PAD
    0x08000220   0x0000001c   Code   RO         1329    !!handler_zi        c_w.l(__scatter_zi.o)
    0x0800023c   0x00000000   Code   RO         1067    .ARM.Collect$$_printf_percent$$00000000  c_w.l(_printf_percent.o)
    0x0800023c   0x00000006   Code   RO         1066    .ARM.Collect$$_printf_percent$$00000003  c_w.l(_printf_f.o)
    0x08000242   0x00000006   Code   RO         1064    .ARM.Collect$$_printf_percent$$00000009  c_w.l(_printf_d.o)
    0x08000248   0x00000006   Code   RO         1065    .ARM.Collect$$_printf_percent$$0000000A  c_w.l(_printf_u.o)
    0x0800024e   0x00000006   Code   RO         1063    .ARM.Collect$$_printf_percent$$0000000C  c_w.l(_printf_x.o)
    0x08000254   0x00000006   Code   RO         1061    .ARM.Collect$$_printf_percent$$00000013  c_w.l(_printf_c.o)
    0x0800025a   0x00000006   Code   RO         1062    .ARM.Collect$$_printf_percent$$00000014  c_w.l(_printf_s.o)
    0x08000260   0x00000004   Code   RO         1107    .ARM.Collect$$_printf_percent$$00000017  c_w.l(_printf_percent_end.o)
    0x08000264   0x00000002   Code   RO         1199    .ARM.Collect$$libinit$$00000000  c_w.l(libinit.o)
    0x08000266   0x00000004   Code   RO         1200    .ARM.Collect$$libinit$$00000001  c_w.l(libinit2.o)
    0x0800026a   0x00000000   Code   RO         1203    .ARM.Collect$$libinit$$00000004  c_w.l(libinit2.o)
    0x0800026a   0x00000000   Code   RO         1206    .ARM.Collect$$libinit$$0000000A  c_w.l(libinit2.o)
    0x0800026a   0x00000000   Code   RO         1208    .ARM.Collect$$libinit$$0000000C  c_w.l(libinit2.o)
    0x0800026a   0x00000000   Code   RO         1210    .ARM.Collect$$libinit$$0000000E  c_w.l(libinit2.o)
    0x0800026a   0x00000006   Code   RO         1211    .ARM.Collect$$libinit$$0000000F  c_w.l(libinit2.o)
    0x08000270   0x00000000   Code   RO         1213    .ARM.Collect$$libinit$$00000011  c_w.l(libinit2.o)
    0x08000270   0x00000000   Code   RO         1215    .ARM.Collect$$libinit$$00000013  c_w.l(libinit2.o)
    0x08000270   0x00000000   Code   RO         1217    .ARM.Collect$$libinit$$00000015  c_w.l(libinit2.o)
    0x08000270   0x0000000a   Code   RO         1218    .ARM.Collect$$libinit$$00000016  c_w.l(libinit2.o)
    0x0800027a   0x00000000   Code   RO         1219    .ARM.Collect$$libinit$$00000017  c_w.l(libinit2.o)
    0x0800027a   0x00000000   Code   RO         1221    .ARM.Collect$$libinit$$00000019  c_w.l(libinit2.o)
    0x0800027a   0x00000000   Code   RO         1223    .ARM.Collect$$libinit$$0000001B  c_w.l(libinit2.o)
    0x0800027a   0x00000000   Code   RO         1225    .ARM.Collect$$libinit$$0000001D  c_w.l(libinit2.o)
    0x0800027a   0x00000000   Code   RO         1227    .ARM.Collect$$libinit$$0000001F  c_w.l(libinit2.o)
    0x0800027a   0x00000000   Code   RO         1229    .ARM.Collect$$libinit$$00000021  c_w.l(libinit2.o)
    0x0800027a   0x00000000   Code   RO         1231    .ARM.Collect$$libinit$$00000023  c_w.l(libinit2.o)
    0x0800027a   0x00000000   Code   RO         1233    .ARM.Collect$$libinit$$00000025  c_w.l(libinit2.o)
    0x0800027a   0x00000000   Code   RO         1237    .ARM.Collect$$libinit$$0000002C  c_w.l(libinit2.o)
    0x0800027a   0x00000000   Code   RO         1239    .ARM.Collect$$libinit$$0000002E  c_w.l(libinit2.o)
    0x0800027a   0x00000000   Code   RO         1241    .ARM.Collect$$libinit$$00000030  c_w.l(libinit2.o)
    0x0800027a   0x00000000   Code   RO         1243    .ARM.Collect$$libinit$$00000032  c_w.l(libinit2.o)
    0x0800027a   0x00000002   Code   RO         1244    .ARM.Collect$$libinit$$00000033  c_w.l(libinit2.o)
    0x0800027c   0x00000002   Code   RO         1286    .ARM.Collect$$libshutdown$$00000000  c_w.l(libshutdown.o)
    0x0800027e   0x00000000   Code   RO         1296    .ARM.Collect$$libshutdown$$00000003  c_w.l(libshutdown2.o)
    0x0800027e   0x00000000   Code   RO         1299    .ARM.Collect$$libshutdown$$00000006  c_w.l(libshutdown2.o)
    0x0800027e   0x00000000   Code   RO         1302    .ARM.Collect$$libshutdown$$00000009  c_w.l(libshutdown2.o)
    0x0800027e   0x00000000   Code   RO         1304    .ARM.Collect$$libshutdown$$0000000B  c_w.l(libshutdown2.o)
    0x0800027e   0x00000000   Code   RO         1307    .ARM.Collect$$libshutdown$$0000000E  c_w.l(libshutdown2.o)
    0x0800027e   0x00000002   Code   RO         1308    .ARM.Collect$$libshutdown$$0000000F  c_w.l(libshutdown2.o)
    0x08000280   0x00000000   Code   RO         1092    .ARM.Collect$$rtentry$$00000000  c_w.l(__rtentry.o)
    0x08000280   0x00000000   Code   RO         1120    .ARM.Collect$$rtentry$$00000002  c_w.l(__rtentry2.o)
    0x08000280   0x00000006   Code   RO         1132    .ARM.Collect$$rtentry$$00000004  c_w.l(__rtentry4.o)
    0x08000286   0x00000000   Code   RO         1122    .ARM.Collect$$rtentry$$00000009  c_w.l(__rtentry2.o)
    0x08000286   0x00000004   Code   RO         1123    .ARM.Collect$$rtentry$$0000000A  c_w.l(__rtentry2.o)
    0x0800028a   0x00000000   Code   RO         1125    .ARM.Collect$$rtentry$$0000000C  c_w.l(__rtentry2.o)
    0x0800028a   0x00000008   Code   RO         1126    .ARM.Collect$$rtentry$$0000000D  c_w.l(__rtentry2.o)
    0x08000292   0x00000002   Code   RO         1245    .ARM.Collect$$rtexit$$00000000  c_w.l(rtexit.o)
    0x08000294   0x00000000   Code   RO         1256    .ARM.Collect$$rtexit$$00000002  c_w.l(rtexit2.o)
    0x08000294   0x00000004   Code   RO         1257    .ARM.Collect$$rtexit$$00000003  c_w.l(rtexit2.o)
    0x08000298   0x00000006   Code   RO         1258    .ARM.Collect$$rtexit$$00000004  c_w.l(rtexit2.o)
    0x0800029e   0x00000002   PAD
    0x080002a0   0x00000010   Code   RO          498    .emb_text           sys.o
    0x080002b0   0x00000298   Code   RO            3    .text               main.o
    0x08000548   0x0000001a   Code   RO          208    .text               stm32f4xx_it.o
    0x08000562   0x00000002   PAD
    0x08000564   0x00000210   Code   RO          257    .text               system_stm32f4xx.o
    0x08000774   0x00000040   Code   RO          283    .text               led.o
    0x080007b4   0x00000104   Code   RO          303    .text               key.o
    0x080008b8   0x00000258   Code   RO          324    .text               myiic.o
    0x08000b10   0x00000274   Code   RO          344    .text               adxl355.o
    0x08000d84   0x00001d60   Code   RO          366    .text               sdio_sdcard.o
    0x08002ae4   0x00000378   Code   RO          400    .text               w25qxx.o
    0x08002e5c   0x00000118   Code   RO          430    .text               spi.o
    0x08002f74   0x000008fc   Code   RO          450    .text               ano_dt.o
    0x08003870   0x0000011c   Code   RO          476    .text               delay.o
    0x0800398c   0x00000174   Code   RO          516    .text               usart.o
    0x08003b00   0x00000040   Code   RO          548    .text               startup_stm32f40_41xxx.o
    0x08003b40   0x000000e0   Code   RO          554    .text               misc.o
    0x08003c20   0x00000294   Code   RO          574    .text               stm32f4xx_gpio.o
    0x08003eb4   0x0000065c   Code   RO          617    .text               stm32f4xx_rcc.o
    0x08004510   0x00000454   Code   RO          659    .text               stm32f4xx_usart.o
    0x08004964   0x000001dc   Code   RO          679    .text               stm32f4xx_sdio.o
    0x08004b40   0x00000480   Code   RO          699    .text               stm32f4xx_spi.o
    0x08004fc0   0x00000ca2   Code   RO          719    .text               stm32f4xx_tim.o
    0x08005c62   0x00000002   PAD
    0x08005c64   0x000003a8   Code   RO          739    .text               stm32f4xx_dma.o
    0x0800600c   0x0000022c   Code   RO          779    .text               malloc.o
    0x08006238   0x00000a0c   Code   RO          811    .text               usmart.o
    0x08006c44   0x00000528   Code   RO          856    .text               usmart_str.o
    0x0800716c   0x00000198   Code   RO          876    .text               exfuns.o
    0x08007304   0x00000704   Code   RO          908    .text               fattester.o
    0x08007a08   0x00000200   Code   RO          932    .text               diskio.o
    0x08007c08   0x0000329a   Code   RO          956    .text               ff.o
    0x0800aea2   0x00000002   PAD
    0x0800aea4   0x000000b4   Code   RO          975    .text               cc936.o
    0x0800af58   0x00000002   Code   RO         1000    .text               c_w.l(use_no_semi_2.o)
    0x0800af5a   0x00000048   Code   RO         1002    .text               c_w.l(llsdiv.o)
    0x0800afa2   0x00000002   PAD
    0x0800afa4   0x00000018   Code   RO         1004    .text               c_w.l(__2printf.o)
    0x0800afbc   0x0000002c   Code   RO         1006    .text               c_w.l(__2sprintf.o)
    0x0800afe8   0x0000004e   Code   RO         1014    .text               c_w.l(_printf_pad.o)
    0x0800b036   0x00000052   Code   RO         1016    .text               c_w.l(_printf_str.o)
    0x0800b088   0x00000078   Code   RO         1018    .text               c_w.l(_printf_dec.o)
    0x0800b100   0x00000058   Code   RO         1023    .text               c_w.l(_printf_hex_int.o)
    0x0800b158   0x00000188   Code   RO         1058    .text               c_w.l(__printf_flags_ss_wp.o)
    0x0800b2e0   0x00000048   Code   RO         1068    .text               c_w.l(strcpy.o)
    0x0800b328   0x0000008a   Code   RO         1070    .text               c_w.l(rt_memcpy_v6.o)
    0x0800b3b2   0x00000002   PAD
    0x0800b3b4   0x00000080   Code   RO         1072    .text               c_w.l(strcmpv7m.o)
    0x0800b434   0x00000006   Code   RO         1074    .text               c_w.l(heapauxi.o)
    0x0800b43a   0x00000002   Code   RO         1090    .text               c_w.l(use_no_semi.o)
    0x0800b43c   0x000000ee   Code   RO         1093    .text               c_w.l(lludivv7m.o)
    0x0800b52a   0x000000b2   Code   RO         1095    .text               c_w.l(_printf_intcommon.o)
    0x0800b5dc   0x0000041a   Code   RO         1097    .text               c_w.l(_printf_fp_dec.o)
    0x0800b9f6   0x00000002   PAD
    0x0800b9f8   0x00000030   Code   RO         1099    .text               c_w.l(_printf_char_common.o)
    0x0800ba28   0x0000000a   Code   RO         1101    .text               c_w.l(_sputc.o)
    0x0800ba32   0x0000002c   Code   RO         1103    .text               c_w.l(_printf_char.o)
    0x0800ba5e   0x00000002   PAD
    0x0800ba60   0x00000024   Code   RO         1105    .text               c_w.l(_printf_char_file.o)
    0x0800ba84   0x00000064   Code   RO         1108    .text               c_w.l(rt_memcpy_w.o)
    0x0800bae8   0x00000008   Code   RO         1141    .text               c_w.l(rt_locale_intlibspace.o)
    0x0800baf0   0x0000008a   Code   RO         1143    .text               c_w.l(lludiv10.o)
    0x0800bb7a   0x00000002   PAD
    0x0800bb7c   0x00000080   Code   RO         1145    .text               c_w.l(_printf_fp_infnan.o)
    0x0800bbfc   0x000000dc   Code   RO         1149    .text               c_w.l(bigflt0.o)
    0x0800bcd8   0x00000008   Code   RO         1174    .text               c_w.l(ferror.o)
    0x0800bce0   0x00000008   Code   RO         1185    .text               c_w.l(libspace.o)
    0x0800bce8   0x0000004a   Code   RO         1188    .text               c_w.l(sys_stackheap_outer.o)
    0x0800bd32   0x0000000c   Code   RO         1192    .text               c_w.l(exit.o)
    0x0800bd3e   0x0000003e   Code   RO         1152    CL$$btod_d2e        c_w.l(btod.o)
    0x0800bd7c   0x00000046   Code   RO         1154    CL$$btod_d2e_denorm_low  c_w.l(btod.o)
    0x0800bdc2   0x00000060   Code   RO         1153    CL$$btod_d2e_norm_op1  c_w.l(btod.o)
    0x0800be22   0x00000338   Code   RO         1162    CL$$btod_div_common  c_w.l(btod.o)
    0x0800c15a   0x000000c6   Code   RO         1159    CL$$btod_e2e        c_w.l(btod.o)
    0x0800c220   0x00000028   Code   RO         1156    CL$$btod_ediv       c_w.l(btod.o)
    0x0800c248   0x00000028   Code   RO         1155    CL$$btod_emul       c_w.l(btod.o)
    0x0800c270   0x00000244   Code   RO         1161    CL$$btod_mult_common  c_w.l(btod.o)
    0x0800c4b4   0x00000030   Code   RO         1183    i.__ARM_fpclassify  m_wm.l(fpclassify.o)
    0x0800c4e4   0x0000000e   Code   RO         1051    i._is_digit         c_w.l(__printf_wp.o)
    0x0800c4f2   0x00000002   PAD
    0x0800c4f4   0x0000002c   Code   RO         1179    locale$$code        c_w.l(lc_numeric_c.o)
    0x0800c520   0x00000062   Code   RO         1078    x$fpl$d2f           fz_wm.l(d2f.o)
    0x0800c582   0x00000002   PAD
    0x0800c584   0x00000150   Code   RO         1080    x$fpl$dadd          fz_wm.l(daddsub_clz.o)
    0x0800c6d4   0x0000009c   Code   RO         1110    x$fpl$dnaninf       fz_wm.l(dnaninf.o)
    0x0800c770   0x0000000c   Code   RO         1112    x$fpl$dretinf       fz_wm.l(dretinf.o)
    0x0800c77c   0x000001d4   Code   RO         1082    x$fpl$dsub          fz_wm.l(daddsub_clz.o)
    0x0800c950   0x00000056   Code   RO         1086    x$fpl$f2d           fz_wm.l(f2d.o)
    0x0800c9a6   0x0000008c   Code   RO         1114    x$fpl$fnaninf       fz_wm.l(fnaninf.o)
    0x0800ca32   0x0000000a   Code   RO         1253    x$fpl$fpinit        fz_wm.l(fpinit.o)
    0x0800ca3c   0x0000000a   Code   RO         1116    x$fpl$fretinf       fz_wm.l(fretinf.o)
    0x0800ca46   0x00000004   Code   RO         1088    x$fpl$printf1       fz_wm.l(printf1.o)
    0x0800ca4a   0x00000000   Code   RO         1118    x$fpl$usenofp       fz_wm.l(usenofp.o)
    0x0800ca4a   0x00000002   PAD
    0x0800ca4c   0x00000024   Data   RO          785    .constdata          malloc.o
    0x0800ca70   0x00000070   Data   RO          878    .constdata          exfuns.o
    0x0800cae0   0x0000003a   Data   RO          958    .constdata          ff.o
    0x0800cb1a   0x0002acc8   Data   RO          976    .constdata          cc936.o
    0x080377e2   0x00000028   Data   RO         1024    .constdata          c_w.l(_printf_hex_int.o)
    0x0803780a   0x00000011   Data   RO         1059    .constdata          c_w.l(__printf_flags_ss_wp.o)
    0x0803781b   0x00000001   PAD
    0x0803781c   0x00000094   Data   RO         1150    .constdata          c_w.l(bigflt0.o)
    0x080378b0   0x00000390   Data   RO          812    .conststring        usmart.o
    0x08037c40   0x000002b9   Data   RO          835    .conststring        usmart_config.o
    0x08037ef9   0x00000003   PAD
    0x08037efc   0x00000044   Data   RO          879    .conststring        exfuns.o
    0x08037f40   0x00000020   Data   RO         1323    Region$$Table       anon$$obj.o
    0x08037f60   0x0000001c   Data   RO         1178    locale$$data        c_w.l(lc_numeric_c.o)


    Execution Region RW_IRAM1 (Base: 0x20000000, Size: 0x0001c600, Max: 0x00020000, ABSOLUTE, COMPRESSED[0x00000114])

    Base Addr    Size         Type   Attr      Idx    E Section Name        Object

    0x20000000   0x00000014   Data   RW          258    .data               system_stm32f4xx.o
    0x20000014   0x00000001   Data   RW          304    .data               key.o
    0x20000015   0x00000001   Data   RW          345    .data               adxl355.o
    0x20000016   0x00000002   PAD
    0x20000018   0x00000010   Data   RW          368    .data               sdio_sdcard.o
    0x20000028   0x00000002   Data   RW          402    .data               w25qxx.o
    0x2000002a   0x00000004   Data   RW          477    .data               delay.o
    0x2000002e   0x00000002   PAD
    0x20000030   0x00000006   Data   RW          518    .data               usart.o
    0x20000036   0x00000010   Data   RW          618    .data               stm32f4xx_rcc.o
    0x20000046   0x00000002   PAD
    0x20000048   0x00000024   Data   RW          786    .data               malloc.o
    0x2000006c   0x0000001c   Data   RW          813    .data               usmart.o
    0x20000088   0x000001cc   Data   RW          836    .data               usmart_config.o
    0x20000254   0x00000014   Data   RW          880    .data               exfuns.o
    0x20000268   0x00000002   Data   RW          933    .data               diskio.o
    0x2000026a   0x00000002   Data   RW          959    .data               ff.o
    0x2000026c   0x00000004   PAD
    0x20000270   0x000002c0   Zero   RW          367    .bss                sdio_sdcard.o
    0x20000530   0x00001000   Zero   RW          401    .bss                w25qxx.o
    0x20001530   0x0000003f   Zero   RW          451    .bss                ano_dt.o
    0x2000156f   0x000000c8   Zero   RW          517    .bss                usart.o
    0x20001637   0x00000009   PAD
    0x20001640   0x0001a900   Zero   RW          784    .bss                malloc.o
    0x2001bf40   0x00000050   Zero   RW          877    .bss                exfuns.o
    0x2001bf90   0x0000000c   Zero   RW          957    .bss                ff.o
    0x2001bf9c   0x00000060   Zero   RW         1186    .bss                c_w.l(libspace.o)
    0x2001bffc   0x00000004   PAD
    0x2001c000   0x00000200   Zero   RW          546    HEAP                startup_stm32f40_41xxx.o
    0x2001c200   0x00000400   Zero   RW          545    STACK               startup_stm32f40_41xxx.o



  Load Region LR$$.ARM.__AT_0x10000000 (Base: 0x10000000, Size: 0x00000000, Max: 0x0000f000, ABSOLUTE)

    Execution Region ER$$.ARM.__AT_0x10000000 (Base: 0x10000000, Size: 0x0000f000, Max: 0x0000f000, ABSOLUTE, UNINIT)

    Base Addr    Size         Type   Attr      Idx    E Section Name        Object

    0x10000000   0x0000f000   Zero   RW          780    .ARM.__AT_0x10000000  malloc.o



  Load Region LR$$.ARM.__AT_0x1000F000 (Base: 0x1000f000, Size: 0x00000000, Max: 0x00000f00, ABSOLUTE)

    Execution Region ER$$.ARM.__AT_0x1000F000 (Base: 0x1000f000, Size: 0x00000f00, Max: 0x00000f00, ABSOLUTE, UNINIT)

    Base Addr    Size         Type   Attr      Idx    E Section Name        Object

    0x1000f000   0x00000f00   Zero   RW          781    .ARM.__AT_0x1000F000  malloc.o



  Load Region LR$$.ARM.__AT_0x68000000 (Base: 0x68000000, Size: 0x00000000, Max: 0x000f0000, ABSOLUTE)

    Execution Region ER$$.ARM.__AT_0x68000000 (Base: 0x68000000, Size: 0x000f0000, Max: 0x000f0000, ABSOLUTE, UNINIT)

    Base Addr    Size         Type   Attr      Idx    E Section Name        Object

    0x68000000   0x000f0000   Zero   RW          782    .ARM.__AT_0x68000000  malloc.o



  Load Region LR$$.ARM.__AT_0x680F0000 (Base: 0x680f0000, Size: 0x00000000, Max: 0x0000f000, ABSOLUTE)

    Execution Region ER$$.ARM.__AT_0x680F0000 (Base: 0x680f0000, Size: 0x0000f000, Max: 0x0000f000, ABSOLUTE, UNINIT)

    Base Addr    Size         Type   Attr      Idx    E Section Name        Object

    0x680f0000   0x0000f000   Zero   RW          783    .ARM.__AT_0x680F0000  malloc.o


==============================================================================

Image component sizes


      Code (inc. data)   RO Data    RW Data    ZI Data      Debug   Object Name

       628         56          0          1          0       4170   adxl355.o
      2300         20          0          0         63       6511   ano_dt.o
       180         18     175304          0          0       2521   cc936.o
       284          8          0          4          0       1797   delay.o
       512          8          0          2          0       4546   diskio.o
       408         22        180         20         80       5580   exfuns.o
      1796        750          0          0          0       5852   fattester.o
     12954        136         58          2         12      34986   ff.o
       260         12          0          1          0        936   key.o
        64          4          0          0          0        599   led.o
       664        166          0          0          0     316339   main.o
       556         18         36         36    1218560       5145   malloc.o
       224         20          0          0          0       1969   misc.o
       600         14          0          0          0       1964   myiic.o
      7520        282          0         16        704      25269   sdio_sdcard.o
       280          8          0          0          0       1133   spi.o
        64         26        392          0       1536        900   startup_stm32f40_41xxx.o
       936         32          0          0          0       6441   stm32f4xx_dma.o
       660         44          0          0          0       4245   stm32f4xx_gpio.o
        26          0          0          0          0       1298   stm32f4xx_it.o
      1628         52          0         16          0      13108   stm32f4xx_rcc.o
       476         16          0          0          0       7540   stm32f4xx_sdio.o
      1152         36          0          0          0       6993   stm32f4xx_spi.o
      3234         60          0          0          0      22448   stm32f4xx_tim.o
      1108         34          0          0          0       7944   stm32f4xx_usart.o
        16          0          0          0          0        552   sys.o
       528         46          0         20          0       2003   system_stm32f4xx.o
       372         16          0          6        200       3746   usart.o
      2572        744        912         28          0       4578   usmart.o
         0          0        697        460          0       1820   usmart_config.o
      1320         12          0          0          0       5313   usmart_str.o
       888         26          0          2       4096       4565   w25qxx.o

    ----------------------------------------------------------------------
     44216       2686     177614        620    1225264     512811   Object Totals
         0          0         32          0          0          0   (incl. Generated)
         6          0          3          6         13          0   (incl. Padding)

    ----------------------------------------------------------------------

      Code (inc. data)   RO Data    RW Data    ZI Data      Debug   Library Member Name

        24          4          0          0          0         84   __2printf.o
        44          6          0          0          0         84   __2sprintf.o
        90          0          0          0          0          0   __dczerorl2.o
         8          0          0          0          0         68   __main.o
       392          4         17          0          0         92   __printf_flags_ss_wp.o
        14          0          0          0          0         68   __printf_wp.o
         0          0          0          0          0          0   __rtentry.o
        12          0          0          0          0          0   __rtentry2.o
         6          0          0          0          0          0   __rtentry4.o
        52          8          0          0          0          0   __scatter.o
        28          0          0          0          0          0   __scatter_zi.o
         6          0          0          0          0          0   _printf_c.o
        44          0          0          0          0        108   _printf_char.o
        48          6          0          0          0         96   _printf_char_common.o
        36          4          0          0          0         80   _printf_char_file.o
         6          0          0          0          0          0   _printf_d.o
       120         16          0          0          0         92   _printf_dec.o
         6          0          0          0          0          0   _printf_f.o
      1050          0          0          0          0        216   _printf_fp_dec.o
       128         16          0          0          0         84   _printf_fp_infnan.o
        88          4         40          0          0         88   _printf_hex_int.o
       178          0          0          0          0         88   _printf_intcommon.o
        78          0          0          0          0        108   _printf_pad.o
         0          0          0          0          0          0   _printf_percent.o
         4          0          0          0          0          0   _printf_percent_end.o
         6          0          0          0          0          0   _printf_s.o
        82          0          0          0          0         80   _printf_str.o
         6          0          0          0          0          0   _printf_u.o
         6          0          0          0          0          0   _printf_x.o
        10          0          0          0          0         68   _sputc.o
       220          4        148          0          0         96   bigflt0.o
      1910        128          0          0          0        672   btod.o
        12          0          0          0          0         72   exit.o
         8          0          0          0          0         68   ferror.o
         6          0          0          0          0        152   heapauxi.o
        44         10         28          0          0         76   lc_numeric_c.o
         2          0          0          0          0          0   libinit.o
        22          0          0          0          0          0   libinit2.o
         2          0          0          0          0          0   libshutdown.o
         2          0          0          0          0          0   libshutdown2.o
         8          4          0          0         96         68   libspace.o
        72          0          0          0          0         76   llsdiv.o
       138          0          0          0          0         80   lludiv10.o
       238          0          0          0          0        100   lludivv7m.o
         8          4          0          0          0         68   rt_locale_intlibspace.o
       138          0          0          0          0         68   rt_memcpy_v6.o
       100          0          0          0          0         80   rt_memcpy_w.o
         2          0          0          0          0          0   rtexit.o
        10          0          0          0          0          0   rtexit2.o
       128          0          0          0          0         68   strcmpv7m.o
        72          0          0          0          0         80   strcpy.o
        74          0          0          0          0         80   sys_stackheap_outer.o
         2          0          0          0          0         68   use_no_semi.o
         2          0          0          0          0         68   use_no_semi_2.o
        98          4          0          0          0        140   d2f.o
       804         16          0          0          0        368   daddsub_clz.o
       156          4          0          0          0        140   dnaninf.o
        12          0          0          0          0        116   dretinf.o
        86          4          0          0          0        132   f2d.o
       140          4          0          0          0        132   fnaninf.o
        10          0          0          0          0        116   fpinit.o
        10          0          0          0          0        116   fretinf.o
         4          0          0          0          0        116   printf1.o
         0          0          0          0          0          0   usenofp.o
        48          0          0          0          0        124   fpclassify.o

    ----------------------------------------------------------------------
      7180        250        234          0        100       5044   Library Totals
        20          0          1          0          4          0   (incl. Padding)

    ----------------------------------------------------------------------

      Code (inc. data)   RO Data    RW Data    ZI Data      Debug   Library Name

      5792        218        233          0         96       3544   c_w.l
      1320         32          0          0          0       1376   fz_wm.l
        48          0          0          0          0        124   m_wm.l

    ----------------------------------------------------------------------
      7180        250        234          0        100       5044   Library Totals

    ----------------------------------------------------------------------

==============================================================================


      Code (inc. data)   RO Data    RW Data    ZI Data      Debug   

     51396       2936     177848        620    1225364     508579   Grand Totals
     51396       2936     177848        276    1225364     508579   ELF Image Totals (compressed)
     51396       2936     177848        276          0          0   ROM Totals

==============================================================================

    Total RO  Size (Code + RO Data)               229244 ( 223.87kB)
    Total RW  Size (RW Data + ZI Data)           1225984 (1197.25kB)
    Total ROM Size (Code + RO Data + RW Data)     229520 ( 224.14kB)

==============================================================================

