<html>
<body>
<pre>
<h1>礦ision Build Log</h1>
<h2>Tool Versions:</h2>
IDE-Version: μVision V5.14.0.0
Copyright (C) 2015 ARM Ltd and ARM Germany GmbH. All rights reserved.
License Information: 1 1, 1, LIC=NQQGK-ZRXUJ-FVF1N-YPAZF-4EUBS-CIHYS
 
Tool Versions:
Toolchain:       MDK-ARM Standard  Version: 5.14.0.0
Toolchain Path:  D:\Keil_v5\ARM\ARMCC\Bin
C Compiler:      Armcc.exe V5.05 update 1 (build 106)
Assembler:       Armasm.exe V5.05 update 1 (build 106)
Linker/Locator:  ArmLink.exe V5.05 update 1 (build 106)
Library Manager: ArmAr.exe V5.05 update 1 (build 106)
Hex Converter:   FromElf.exe V5.05 update 1 (build 106)
CPU DLL:         SARMCM3.DLL V5.14.0.0
Dialog DLL:      DCM.DLL V1.13.1.0
Target DLL:      Segger\JL2CM3.dll V2.99.13.0
Dialog DLL:      TCM.DLL V1.14.4.0
 
<h2>Project:</h2>
G:\Documents\work\Practice\Skeleton_Detection\355Device_Debug\骨骼诊断.设备软件(I2C版本)-18-6-15-胡广豪\USER\IIC.uvprojx
Project File Date:  06/19/2018

<h2>Output:</h2>
Build target 'IIC'
compiling main.c...
main.c(75): warning:  #1035-D: single-precision operand implicitly converted to double-precision
                f32temp = ((((float)SensorT - ADXL355_TEMP_BIAS)) / ADXL355_TEMP_SLOPE) + 25.0;
main.c(23): warning:  #550-D: variable "size" was set but never used
        u32 total,free,size,SensorT;
main.c(25): warning:  #177-D: variable "res" was declared but never referenced
        u8 res=0;       
main.c(28): warning:  #177-D: variable "flag" was declared but never referenced
        UINT flag;
main.c(29): warning:  #550-D: variable "f32temp" was set but never used
        float adxl355Scale,f32temp;
main.c(89): warning:  #1-D: last line of file ends without a newline
  //            printf("\r\n");
main.c: 6 warnings, 0 errors
linking...
Program Size: Code=51396 RO-data=177848 RW-data=620 ZI-data=1225364  
FromELF: creating hex file...
"..\OBJ\IIC.axf" - 0 Error(s), 6 Warning(s).

<h2>Collection of Component include folders:</h2>
  G:\Documents\work\Practice\Skeleton_Detection\355Device_Debug\骨骼诊断.设备软件(I2C版本)-18-6-15-胡广豪\USER\RTE
  D:\Keil_v5\ARM\PACK\ARM\Keil.STM32F4xx_DFP.2.13.0

<h2>Collection of Component Files used:</h2>
</pre>
</body>
</html>
